#
# There is insufficient memory for the Java Runtime Environment to continue.
# Native memory allocation (malloc) failed to allocate 65552 bytes. Error detail: Chunk::new
# Possible reasons:
#   The system is out of physical RAM or swap space
#   This process is running with CompressedOops enabled, and the Java Heap may be blocking the growth of the native heap
# Possible solutions:
#   Reduce memory load on the system
#   Increase physical memory or swap space
#   Check if swap backing store is full
#   Decrease Java heap size (-Xmx/-Xms)
#   Decrease number of Java threads
#   Decrease Java thread stack sizes (-Xss)
#   Set larger code cache with -XX:ReservedCodeCacheSize=
#   JVM is running with Unscaled Compressed Oops mode in which the Java heap is
#     placed in the first 4GB address space. The Java Heap base address is the
#     maximum limit for the native heap growth. Please use -XX:HeapBaseMinAddress
#     to set the Java Heap base and to place the Java Heap above 4GB virtual address.
# This output file may be truncated or incomplete.
#
#  Out of Memory Error (arena.cpp:191), pid=8492, tid=14428
#
# JRE version: OpenJDK Runtime Environment Temurin-17.0.16+8 (17.0.16+8) (build 17.0.16+8)
# Java VM: OpenJDK 64-Bit Server VM Temurin-17.0.16+8 (17.0.16+8, mixed mode, sharing, tiered, compressed oops, compressed class ptrs, g1 gc, windows-amd64)
# No core dump will be written. Minidumps are not enabled by default on client versions of Windows
#

---------------  S U M M A R Y ------------

Command Line: org.jetbrains.kotlin.cli.jvm.K2JVMCompiler @C:\Users\dell\Desktop\SWIPS\samwega-pos-bare\android\app\build\20260505_1378205498252150382.compiler.options

Host: Intel(R) Core(TM) i5-8265U CPU @ 1.60GHz, 8 cores, 7G,  Windows 11 , 64 bit Build 26100 (10.0.26100.8246)
Time: Tue May  5 02:18:56 2026 E. Africa Standard Time elapsed time: 3.686232 seconds (0d 0h 0m 3s)

---------------  T H R E A D  ---------------

Current thread (0x000002b4cddd4fd0):  JavaThread "C2 CompilerThread0" daemon [_thread_in_native, id=14428, stack(0x000000c985200000,0x000000c985300000)]


Current CompileTask:
C2:   3686 1038       4       org.jetbrains.kotlin.cli.jvm.compiler.jarfs.ZipImplementationKt::parseCentralDirectory$lambda$6 (558 bytes)

Stack: [0x000000c985200000,0x000000c985300000]
Native frames: (J=compiled Java code, j=interpreted, Vv=VM code, C=native code)
V  [jvm.dll+0x683169]
V  [jvm.dll+0x839ac8]
V  [jvm.dll+0x83b573]
V  [jvm.dll+0x83bbe3]
V  [jvm.dll+0x2473ff]
V  [jvm.dll+0xace94]
V  [jvm.dll+0xad52c]
V  [jvm.dll+0xacfa4]
V  [jvm.dll+0x660b7c]
V  [jvm.dll+0x21fa39]
V  [jvm.dll+0x6a6731]
V  [jvm.dll+0x217485]
V  [jvm.dll+0x1a32a0]
V  [jvm.dll+0x227b3c]
V  [jvm.dll+0x225ccb]
V  [jvm.dll+0x7ef2d8]
V  [jvm.dll+0x7e979c]
V  [jvm.dll+0x682047]
C  [ucrtbase.dll+0x37b0]
C  [KERNEL32.DLL+0x2e8d7]
C  [ntdll.dll+0x8c3fc]


---------------  P R O C E S S  ---------------

Threads class SMR info:
_java_thread_list=0x000002b5139b2480, length=14, elements={
0x000002b4afaaa490, 0x000002b4cddb12b0, 0x000002b4cddb29e0, 0x000002b4cddcddf0,
0x000002b4cddd07c0, 0x000002b4cddd1cf0, 0x000002b4cddd4230, 0x000002b4cddd4fd0,
0x000002b4cddd65f0, 0x000002b4cddd9b70, 0x000002b5130f5610, 0x000002b5130ffdb0,
0x000002b5139ce440, 0x000002b513998030
}

Java Threads: ( => current thread )
  0x000002b4afaaa490 JavaThread "main" [_thread_in_vm, id=11748, stack(0x000000c984500000,0x000000c984600000)]
  0x000002b4cddb12b0 JavaThread "Reference Handler" daemon [_thread_blocked, id=12244, stack(0x000000c984c00000,0x000000c984d00000)]
  0x000002b4cddb29e0 JavaThread "Finalizer" daemon [_thread_blocked, id=15128, stack(0x000000c984d00000,0x000000c984e00000)]
  0x000002b4cddcddf0 JavaThread "Signal Dispatcher" daemon [_thread_blocked, id=17696, stack(0x000000c984e00000,0x000000c984f00000)]
  0x000002b4cddd07c0 JavaThread "Attach Listener" daemon [_thread_blocked, id=21924, stack(0x000000c984f00000,0x000000c985000000)]
  0x000002b4cddd1cf0 JavaThread "Service Thread" daemon [_thread_blocked, id=9020, stack(0x000000c985000000,0x000000c985100000)]
  0x000002b4cddd4230 JavaThread "Monitor Deflation Thread" daemon [_thread_blocked, id=3740, stack(0x000000c985100000,0x000000c985200000)]
=>0x000002b4cddd4fd0 JavaThread "C2 CompilerThread0" daemon [_thread_in_native, id=14428, stack(0x000000c985200000,0x000000c985300000)]
  0x000002b4cddd65f0 JavaThread "C1 CompilerThread0" daemon [_thread_blocked, id=2008, stack(0x000000c985300000,0x000000c985400000)]
  0x000002b4cddd9b70 JavaThread "Sweeper thread" daemon [_thread_blocked, id=4564, stack(0x000000c985400000,0x000000c985500000)]
  0x000002b5130f5610 JavaThread "Notification Thread" daemon [_thread_blocked, id=4896, stack(0x000000c985500000,0x000000c985600000)]
  0x000002b5130ffdb0 JavaThread "Common-Cleaner" daemon [_thread_blocked, id=17672, stack(0x000000c985700000,0x000000c985800000)]
  0x000002b5139ce440 JavaThread "C2 CompilerThread1" daemon [_thread_in_native, id=14984, stack(0x000000c985d00000,0x000000c985e00000)]
  0x000002b513998030 JavaThread "C2 CompilerThread2" daemon [_thread_in_native, id=9400, stack(0x000000c985e00000,0x000000c985f00000)]

Other Threads:
  0x000002b4cddaa660 VMThread "VM Thread" [stack: 0x000000c984b00000,0x000000c984c00000] [id=22164]
  0x000002b5130f7b00 WatcherThread [stack: 0x000000c985600000,0x000000c985700000] [id=15256]
  0x000002b4afb07fd0 GCTaskThread "GC Thread#0" [stack: 0x000000c984600000,0x000000c984700000] [id=1648]
  0x000002b5135c9a10 GCTaskThread "GC Thread#1" [stack: 0x000000c985800000,0x000000c985900000] [id=10064]
  0x000002b5135c9cd0 GCTaskThread "GC Thread#2" [stack: 0x000000c985900000,0x000000c985a00000] [id=5584]
  0x000002b51367a210 GCTaskThread "GC Thread#3" [stack: 0x000000c985a00000,0x000000c985b00000] [id=21284]
  0x000002b51367a4d0 GCTaskThread "GC Thread#4" [stack: 0x000000c985b00000,0x000000c985c00000] [id=6048]
  0x000002b513688180 GCTaskThread "GC Thread#5" [stack: 0x000000c985c00000,0x000000c985d00000] [id=13724]
  0x000002b4afb189a0 ConcurrentGCThread "G1 Main Marker" [stack: 0x000000c984700000,0x000000c984800000] [id=19136]
  0x000002b4afb193c0 ConcurrentGCThread "G1 Conc#0" [stack: 0x000000c984800000,0x000000c984900000] [id=20060]
  0x000002b4afb5d8b0 ConcurrentGCThread "G1 Refine#0" [stack: 0x000000c984900000,0x000000c984a00000] [id=13452]
  0x000002b4afb5e2e0 ConcurrentGCThread "G1 Service" [stack: 0x000000c984a00000,0x000000c984b00000] [id=11452]

Threads with active compile tasks:
C2 CompilerThread0     3732 1038       4       org.jetbrains.kotlin.cli.jvm.compiler.jarfs.ZipImplementationKt::parseCentralDirectory$lambda$6 (558 bytes)
C2 CompilerThread1     3732 1058       4       org.jetbrains.kotlin.cli.jvm.compiler.jarfs.ZipEntryDescription::<init> (52 bytes)
C2 CompilerThread2     3733 1057   !   4       org.jetbrains.kotlin.cli.jvm.compiler.jarfs.LargeDynamicMappedBuffer$Mapping::getBytes (65 bytes)

VM state: not at safepoint (normal execution)

VM Mutex/Monitor currently owned by a thread: None

Heap address: 0x0000000082c00000, size: 2004 MB, Compressed Oops mode: 32-bit

CDS archive(s) mapped at: [0x000002b4ce000000-0x000002b4cebb0000-0x000002b4cebb0000), size 12255232, SharedBaseAddress: 0x000002b4ce000000, ArchiveRelocationMode: 1.
Compressed class space mapped at: 0x000002b4cf000000-0x000002b50f000000, reserved size: 1073741824
Narrow klass base: 0x000002b4ce000000, Narrow klass shift: 0, Narrow klass range: 0x100000000

GC Precious Log:
 CPUs: 8 total, 8 available
 Memory: 8012M
 Large Page Support: Disabled
 NUMA Support: Disabled
 Compressed Oops: Enabled (32-bit)
 Heap Region Size: 1M
 Heap Min Capacity: 8M
 Heap Initial Capacity: 126M
 Heap Max Capacity: 2004M
 Pre-touch: Disabled
 Parallel Workers: 8
 Concurrent Workers: 2
 Concurrent Refinement Workers: 8
 Periodic GC: Disabled

Heap:
 garbage-first heap   total 129024K, used 28586K [0x0000000082c00000, 0x0000000100000000)
  region size 1024K, 27 young (27648K), 3 survivors (3072K)
 Metaspace       used 13639K, committed 13888K, reserved 1114112K
  class space    used 1472K, committed 1600K, reserved 1048576K

Heap Regions: E=young(eden), S=young(survivor), O=old, HS=humongous(starts), HC=humongous(continues), CS=collection set, F=free, OA=open archive, CA=closed archive, TAMS=top-at-mark-start (previous, next)
|   0|0x0000000082c00000, 0x0000000082d00000, 0x0000000082d00000|100%|HS|  |TAMS 0x0000000082c00000, 0x0000000082c00000| Complete 
|   1|0x0000000082d00000, 0x0000000082e00000, 0x0000000082e00000|100%|HC|  |TAMS 0x0000000082d00000, 0x0000000082d00000| Complete 
|   2|0x0000000082e00000, 0x0000000082f00000, 0x0000000082f00000|100%|HC|  |TAMS 0x0000000082e00000, 0x0000000082e00000| Complete 
|   3|0x0000000082f00000, 0x0000000082f00000, 0x0000000083000000|  0%| F|  |TAMS 0x0000000082f00000, 0x0000000082f00000| Untracked 
|   4|0x0000000083000000, 0x0000000083000000, 0x0000000083100000|  0%| F|  |TAMS 0x0000000083000000, 0x0000000083000000| Untracked 
|   5|0x0000000083100000, 0x0000000083100000, 0x0000000083200000|  0%| F|  |TAMS 0x0000000083100000, 0x0000000083100000| Untracked 
|   6|0x0000000083200000, 0x0000000083200000, 0x0000000083300000|  0%| F|  |TAMS 0x0000000083200000, 0x0000000083200000| Untracked 
|   7|0x0000000083300000, 0x0000000083300000, 0x0000000083400000|  0%| F|  |TAMS 0x0000000083300000, 0x0000000083300000| Untracked 
|   8|0x0000000083400000, 0x0000000083400000, 0x0000000083500000|  0%| F|  |TAMS 0x0000000083400000, 0x0000000083400000| Untracked 
|   9|0x0000000083500000, 0x0000000083500000, 0x0000000083600000|  0%| F|  |TAMS 0x0000000083500000, 0x0000000083500000| Untracked 
|  10|0x0000000083600000, 0x0000000083600000, 0x0000000083700000|  0%| F|  |TAMS 0x0000000083600000, 0x0000000083600000| Untracked 
|  11|0x0000000083700000, 0x0000000083700000, 0x0000000083800000|  0%| F|  |TAMS 0x0000000083700000, 0x0000000083700000| Untracked 
|  12|0x0000000083800000, 0x0000000083800000, 0x0000000083900000|  0%| F|  |TAMS 0x0000000083800000, 0x0000000083800000| Untracked 
|  13|0x0000000083900000, 0x0000000083900000, 0x0000000083a00000|  0%| F|  |TAMS 0x0000000083900000, 0x0000000083900000| Untracked 
|  14|0x0000000083a00000, 0x0000000083a00000, 0x0000000083b00000|  0%| F|  |TAMS 0x0000000083a00000, 0x0000000083a00000| Untracked 
|  15|0x0000000083b00000, 0x0000000083b00000, 0x0000000083c00000|  0%| F|  |TAMS 0x0000000083b00000, 0x0000000083b00000| Untracked 
|  16|0x0000000083c00000, 0x0000000083c00000, 0x0000000083d00000|  0%| F|  |TAMS 0x0000000083c00000, 0x0000000083c00000| Untracked 
|  17|0x0000000083d00000, 0x0000000083d00000, 0x0000000083e00000|  0%| F|  |TAMS 0x0000000083d00000, 0x0000000083d00000| Untracked 
|  18|0x0000000083e00000, 0x0000000083e00000, 0x0000000083f00000|  0%| F|  |TAMS 0x0000000083e00000, 0x0000000083e00000| Untracked 
|  19|0x0000000083f00000, 0x0000000083f00000, 0x0000000084000000|  0%| F|  |TAMS 0x0000000083f00000, 0x0000000083f00000| Untracked 
|  20|0x0000000084000000, 0x0000000084000000, 0x0000000084100000|  0%| F|  |TAMS 0x0000000084000000, 0x0000000084000000| Untracked 
|  21|0x0000000084100000, 0x0000000084100000, 0x0000000084200000|  0%| F|  |TAMS 0x0000000084100000, 0x0000000084100000| Untracked 
|  22|0x0000000084200000, 0x0000000084200000, 0x0000000084300000|  0%| F|  |TAMS 0x0000000084200000, 0x0000000084200000| Untracked 
|  23|0x0000000084300000, 0x0000000084300000, 0x0000000084400000|  0%| F|  |TAMS 0x0000000084300000, 0x0000000084300000| Untracked 
|  24|0x0000000084400000, 0x0000000084400000, 0x0000000084500000|  0%| F|  |TAMS 0x0000000084400000, 0x0000000084400000| Untracked 
|  25|0x0000000084500000, 0x0000000084500000, 0x0000000084600000|  0%| F|  |TAMS 0x0000000084500000, 0x0000000084500000| Untracked 
|  26|0x0000000084600000, 0x0000000084600000, 0x0000000084700000|  0%| F|  |TAMS 0x0000000084600000, 0x0000000084600000| Untracked 
|  27|0x0000000084700000, 0x0000000084700000, 0x0000000084800000|  0%| F|  |TAMS 0x0000000084700000, 0x0000000084700000| Untracked 
|  28|0x0000000084800000, 0x0000000084800000, 0x0000000084900000|  0%| F|  |TAMS 0x0000000084800000, 0x0000000084800000| Untracked 
|  29|0x0000000084900000, 0x0000000084900000, 0x0000000084a00000|  0%| F|  |TAMS 0x0000000084900000, 0x0000000084900000| Untracked 
|  30|0x0000000084a00000, 0x0000000084a00000, 0x0000000084b00000|  0%| F|  |TAMS 0x0000000084a00000, 0x0000000084a00000| Untracked 
|  31|0x0000000084b00000, 0x0000000084b00000, 0x0000000084c00000|  0%| F|  |TAMS 0x0000000084b00000, 0x0000000084b00000| Untracked 
|  32|0x0000000084c00000, 0x0000000084c00000, 0x0000000084d00000|  0%| F|  |TAMS 0x0000000084c00000, 0x0000000084c00000| Untracked 
|  33|0x0000000084d00000, 0x0000000084d00000, 0x0000000084e00000|  0%| F|  |TAMS 0x0000000084d00000, 0x0000000084d00000| Untracked 
|  34|0x0000000084e00000, 0x0000000084e00000, 0x0000000084f00000|  0%| F|  |TAMS 0x0000000084e00000, 0x0000000084e00000| Untracked 
|  35|0x0000000084f00000, 0x0000000084f00000, 0x0000000085000000|  0%| F|  |TAMS 0x0000000084f00000, 0x0000000084f00000| Untracked 
|  36|0x0000000085000000, 0x0000000085000000, 0x0000000085100000|  0%| F|  |TAMS 0x0000000085000000, 0x0000000085000000| Untracked 
|  37|0x0000000085100000, 0x0000000085100000, 0x0000000085200000|  0%| F|  |TAMS 0x0000000085100000, 0x0000000085100000| Untracked 
|  38|0x0000000085200000, 0x0000000085200000, 0x0000000085300000|  0%| F|  |TAMS 0x0000000085200000, 0x0000000085200000| Untracked 
|  39|0x0000000085300000, 0x0000000085300000, 0x0000000085400000|  0%| F|  |TAMS 0x0000000085300000, 0x0000000085300000| Untracked 
|  40|0x0000000085400000, 0x0000000085400000, 0x0000000085500000|  0%| F|  |TAMS 0x0000000085400000, 0x0000000085400000| Untracked 
|  41|0x0000000085500000, 0x0000000085500000, 0x0000000085600000|  0%| F|  |TAMS 0x0000000085500000, 0x0000000085500000| Untracked 
|  42|0x0000000085600000, 0x0000000085600000, 0x0000000085700000|  0%| F|  |TAMS 0x0000000085600000, 0x0000000085600000| Untracked 
|  43|0x0000000085700000, 0x0000000085700000, 0x0000000085800000|  0%| F|  |TAMS 0x0000000085700000, 0x0000000085700000| Untracked 
|  44|0x0000000085800000, 0x0000000085800000, 0x0000000085900000|  0%| F|  |TAMS 0x0000000085800000, 0x0000000085800000| Untracked 
|  45|0x0000000085900000, 0x0000000085900000, 0x0000000085a00000|  0%| F|  |TAMS 0x0000000085900000, 0x0000000085900000| Untracked 
|  46|0x0000000085a00000, 0x0000000085a00000, 0x0000000085b00000|  0%| F|  |TAMS 0x0000000085a00000, 0x0000000085a00000| Untracked 
|  47|0x0000000085b00000, 0x0000000085b00000, 0x0000000085c00000|  0%| F|  |TAMS 0x0000000085b00000, 0x0000000085b00000| Untracked 
|  48|0x0000000085c00000, 0x0000000085c00000, 0x0000000085d00000|  0%| F|  |TAMS 0x0000000085c00000, 0x0000000085c00000| Untracked 
|  49|0x0000000085d00000, 0x0000000085d00000, 0x0000000085e00000|  0%| F|  |TAMS 0x0000000085d00000, 0x0000000085d00000| Untracked 
|  50|0x0000000085e00000, 0x0000000085e00000, 0x0000000085f00000|  0%| F|  |TAMS 0x0000000085e00000, 0x0000000085e00000| Untracked 
|  51|0x0000000085f00000, 0x0000000085f00000, 0x0000000086000000|  0%| F|  |TAMS 0x0000000085f00000, 0x0000000085f00000| Untracked 
|  52|0x0000000086000000, 0x0000000086000000, 0x0000000086100000|  0%| F|  |TAMS 0x0000000086000000, 0x0000000086000000| Untracked 
|  53|0x0000000086100000, 0x0000000086100000, 0x0000000086200000|  0%| F|  |TAMS 0x0000000086100000, 0x0000000086100000| Untracked 
|  54|0x0000000086200000, 0x0000000086200000, 0x0000000086300000|  0%| F|  |TAMS 0x0000000086200000, 0x0000000086200000| Untracked 
|  55|0x0000000086300000, 0x0000000086300000, 0x0000000086400000|  0%| F|  |TAMS 0x0000000086300000, 0x0000000086300000| Untracked 
|  56|0x0000000086400000, 0x0000000086400000, 0x0000000086500000|  0%| F|  |TAMS 0x0000000086400000, 0x0000000086400000| Untracked 
|  57|0x0000000086500000, 0x0000000086500000, 0x0000000086600000|  0%| F|  |TAMS 0x0000000086500000, 0x0000000086500000| Untracked 
|  58|0x0000000086600000, 0x0000000086600000, 0x0000000086700000|  0%| F|  |TAMS 0x0000000086600000, 0x0000000086600000| Untracked 
|  59|0x0000000086700000, 0x0000000086700000, 0x0000000086800000|  0%| F|  |TAMS 0x0000000086700000, 0x0000000086700000| Untracked 
|  60|0x0000000086800000, 0x0000000086800000, 0x0000000086900000|  0%| F|  |TAMS 0x0000000086800000, 0x0000000086800000| Untracked 
|  61|0x0000000086900000, 0x0000000086900000, 0x0000000086a00000|  0%| F|  |TAMS 0x0000000086900000, 0x0000000086900000| Untracked 
|  62|0x0000000086a00000, 0x0000000086a00000, 0x0000000086b00000|  0%| F|  |TAMS 0x0000000086a00000, 0x0000000086a00000| Untracked 
|  63|0x0000000086b00000, 0x0000000086b00000, 0x0000000086c00000|  0%| F|  |TAMS 0x0000000086b00000, 0x0000000086b00000| Untracked 
|  64|0x0000000086c00000, 0x0000000086c00000, 0x0000000086d00000|  0%| F|  |TAMS 0x0000000086c00000, 0x0000000086c00000| Untracked 
|  65|0x0000000086d00000, 0x0000000086d00000, 0x0000000086e00000|  0%| F|  |TAMS 0x0000000086d00000, 0x0000000086d00000| Untracked 
|  66|0x0000000086e00000, 0x0000000086e00000, 0x0000000086f00000|  0%| F|  |TAMS 0x0000000086e00000, 0x0000000086e00000| Untracked 
|  67|0x0000000086f00000, 0x0000000086f00000, 0x0000000087000000|  0%| F|  |TAMS 0x0000000086f00000, 0x0000000086f00000| Untracked 
|  68|0x0000000087000000, 0x0000000087000000, 0x0000000087100000|  0%| F|  |TAMS 0x0000000087000000, 0x0000000087000000| Untracked 
|  69|0x0000000087100000, 0x0000000087100000, 0x0000000087200000|  0%| F|  |TAMS 0x0000000087100000, 0x0000000087100000| Untracked 
|  70|0x0000000087200000, 0x0000000087200000, 0x0000000087300000|  0%| F|  |TAMS 0x0000000087200000, 0x0000000087200000| Untracked 
|  71|0x0000000087300000, 0x0000000087300000, 0x0000000087400000|  0%| F|  |TAMS 0x0000000087300000, 0x0000000087300000| Untracked 
|  72|0x0000000087400000, 0x0000000087400000, 0x0000000087500000|  0%| F|  |TAMS 0x0000000087400000, 0x0000000087400000| Untracked 
|  73|0x0000000087500000, 0x0000000087500000, 0x0000000087600000|  0%| F|  |TAMS 0x0000000087500000, 0x0000000087500000| Untracked 
|  74|0x0000000087600000, 0x0000000087600000, 0x0000000087700000|  0%| F|  |TAMS 0x0000000087600000, 0x0000000087600000| Untracked 
|  75|0x0000000087700000, 0x0000000087700000, 0x0000000087800000|  0%| F|  |TAMS 0x0000000087700000, 0x0000000087700000| Untracked 
|  76|0x0000000087800000, 0x0000000087800000, 0x0000000087900000|  0%| F|  |TAMS 0x0000000087800000, 0x0000000087800000| Untracked 
|  77|0x0000000087900000, 0x0000000087900000, 0x0000000087a00000|  0%| F|  |TAMS 0x0000000087900000, 0x0000000087900000| Untracked 
|  78|0x0000000087a00000, 0x0000000087a00000, 0x0000000087b00000|  0%| F|  |TAMS 0x0000000087a00000, 0x0000000087a00000| Untracked 
|  79|0x0000000087b00000, 0x0000000087b00000, 0x0000000087c00000|  0%| F|  |TAMS 0x0000000087b00000, 0x0000000087b00000| Untracked 
|  80|0x0000000087c00000, 0x0000000087c00000, 0x0000000087d00000|  0%| F|  |TAMS 0x0000000087c00000, 0x0000000087c00000| Untracked 
|  81|0x0000000087d00000, 0x0000000087d00000, 0x0000000087e00000|  0%| F|  |TAMS 0x0000000087d00000, 0x0000000087d00000| Untracked 
|  82|0x0000000087e00000, 0x0000000087e00000, 0x0000000087f00000|  0%| F|  |TAMS 0x0000000087e00000, 0x0000000087e00000| Untracked 
|  83|0x0000000087f00000, 0x0000000087f00000, 0x0000000088000000|  0%| F|  |TAMS 0x0000000087f00000, 0x0000000087f00000| Untracked 
|  84|0x0000000088000000, 0x0000000088000000, 0x0000000088100000|  0%| F|  |TAMS 0x0000000088000000, 0x0000000088000000| Untracked 
|  85|0x0000000088100000, 0x0000000088100000, 0x0000000088200000|  0%| F|  |TAMS 0x0000000088100000, 0x0000000088100000| Untracked 
|  86|0x0000000088200000, 0x0000000088200000, 0x0000000088300000|  0%| F|  |TAMS 0x0000000088200000, 0x0000000088200000| Untracked 
|  87|0x0000000088300000, 0x0000000088300000, 0x0000000088400000|  0%| F|  |TAMS 0x0000000088300000, 0x0000000088300000| Untracked 
|  88|0x0000000088400000, 0x0000000088400000, 0x0000000088500000|  0%| F|  |TAMS 0x0000000088400000, 0x0000000088400000| Untracked 
|  89|0x0000000088500000, 0x0000000088500000, 0x0000000088600000|  0%| F|  |TAMS 0x0000000088500000, 0x0000000088500000| Untracked 
|  90|0x0000000088600000, 0x0000000088600000, 0x0000000088700000|  0%| F|  |TAMS 0x0000000088600000, 0x0000000088600000| Untracked 
|  91|0x0000000088700000, 0x0000000088700000, 0x0000000088800000|  0%| F|  |TAMS 0x0000000088700000, 0x0000000088700000| Untracked 
|  92|0x0000000088800000, 0x0000000088800000, 0x0000000088900000|  0%| F|  |TAMS 0x0000000088800000, 0x0000000088800000| Untracked 
|  93|0x0000000088900000, 0x0000000088900000, 0x0000000088a00000|  0%| F|  |TAMS 0x0000000088900000, 0x0000000088900000| Untracked 
|  94|0x0000000088a00000, 0x0000000088a00000, 0x0000000088b00000|  0%| F|  |TAMS 0x0000000088a00000, 0x0000000088a00000| Untracked 
|  95|0x0000000088b00000, 0x0000000088b00000, 0x0000000088c00000|  0%| F|  |TAMS 0x0000000088b00000, 0x0000000088b00000| Untracked 
|  96|0x0000000088c00000, 0x0000000088c00000, 0x0000000088d00000|  0%| F|  |TAMS 0x0000000088c00000, 0x0000000088c00000| Untracked 
|  97|0x0000000088d00000, 0x0000000088d00000, 0x0000000088e00000|  0%| F|  |TAMS 0x0000000088d00000, 0x0000000088d00000| Untracked 
|  98|0x0000000088e00000, 0x0000000088e00000, 0x0000000088f00000|  0%| F|  |TAMS 0x0000000088e00000, 0x0000000088e00000| Untracked 
|  99|0x0000000088f00000, 0x0000000089000000, 0x0000000089000000|100%| E|  |TAMS 0x0000000088f00000, 0x0000000088f00000| Complete 
| 100|0x0000000089000000, 0x00000000890eaa70, 0x0000000089100000| 91%| S|CS|TAMS 0x0000000089000000, 0x0000000089000000| Complete 
| 101|0x0000000089100000, 0x0000000089200000, 0x0000000089200000|100%| S|CS|TAMS 0x0000000089100000, 0x0000000089100000| Complete 
| 102|0x0000000089200000, 0x0000000089300000, 0x0000000089300000|100%| S|CS|TAMS 0x0000000089200000, 0x0000000089200000| Complete 
| 103|0x0000000089300000, 0x0000000089400000, 0x0000000089400000|100%| E|CS|TAMS 0x0000000089300000, 0x0000000089300000| Complete 
| 104|0x0000000089400000, 0x0000000089500000, 0x0000000089500000|100%| E|CS|TAMS 0x0000000089400000, 0x0000000089400000| Complete 
| 105|0x0000000089500000, 0x0000000089600000, 0x0000000089600000|100%| E|CS|TAMS 0x0000000089500000, 0x0000000089500000| Complete 
| 106|0x0000000089600000, 0x0000000089700000, 0x0000000089700000|100%| E|CS|TAMS 0x0000000089600000, 0x0000000089600000| Complete 
| 107|0x0000000089700000, 0x0000000089800000, 0x0000000089800000|100%| E|CS|TAMS 0x0000000089700000, 0x0000000089700000| Complete 
| 108|0x0000000089800000, 0x0000000089900000, 0x0000000089900000|100%| E|CS|TAMS 0x0000000089800000, 0x0000000089800000| Complete 
| 109|0x0000000089900000, 0x0000000089a00000, 0x0000000089a00000|100%| E|CS|TAMS 0x0000000089900000, 0x0000000089900000| Complete 
| 110|0x0000000089a00000, 0x0000000089b00000, 0x0000000089b00000|100%| E|CS|TAMS 0x0000000089a00000, 0x0000000089a00000| Complete 
| 111|0x0000000089b00000, 0x0000000089c00000, 0x0000000089c00000|100%| E|CS|TAMS 0x0000000089b00000, 0x0000000089b00000| Complete 
| 112|0x0000000089c00000, 0x0000000089d00000, 0x0000000089d00000|100%| E|CS|TAMS 0x0000000089c00000, 0x0000000089c00000| Complete 
| 113|0x0000000089d00000, 0x0000000089e00000, 0x0000000089e00000|100%| E|CS|TAMS 0x0000000089d00000, 0x0000000089d00000| Complete 
| 114|0x0000000089e00000, 0x0000000089f00000, 0x0000000089f00000|100%| E|CS|TAMS 0x0000000089e00000, 0x0000000089e00000| Complete 
| 115|0x0000000089f00000, 0x000000008a000000, 0x000000008a000000|100%| E|CS|TAMS 0x0000000089f00000, 0x0000000089f00000| Complete 
| 116|0x000000008a000000, 0x000000008a100000, 0x000000008a100000|100%| E|CS|TAMS 0x000000008a000000, 0x000000008a000000| Complete 
| 117|0x000000008a100000, 0x000000008a200000, 0x000000008a200000|100%| E|CS|TAMS 0x000000008a100000, 0x000000008a100000| Complete 
| 118|0x000000008a200000, 0x000000008a300000, 0x000000008a300000|100%| E|CS|TAMS 0x000000008a200000, 0x000000008a200000| Complete 
| 119|0x000000008a300000, 0x000000008a400000, 0x000000008a400000|100%| E|CS|TAMS 0x000000008a300000, 0x000000008a300000| Complete 
| 120|0x000000008a400000, 0x000000008a500000, 0x000000008a500000|100%| E|CS|TAMS 0x000000008a400000, 0x000000008a400000| Complete 
| 121|0x000000008a500000, 0x000000008a600000, 0x000000008a600000|100%| E|CS|TAMS 0x000000008a500000, 0x000000008a500000| Complete 
| 122|0x000000008a600000, 0x000000008a700000, 0x000000008a700000|100%| E|CS|TAMS 0x000000008a600000, 0x000000008a600000| Complete 
| 123|0x000000008a700000, 0x000000008a800000, 0x000000008a800000|100%| E|CS|TAMS 0x000000008a700000, 0x000000008a700000| Complete 
| 124|0x000000008a800000, 0x000000008a900000, 0x000000008a900000|100%| E|CS|TAMS 0x000000008a800000, 0x000000008a800000| Complete 
| 125|0x000000008a900000, 0x000000008aa00000, 0x000000008aa00000|100%| E|  |TAMS 0x000000008a900000, 0x000000008a900000| Complete 

Card table byte_map: [0x000002b4c6d20000,0x000002b4c7110000] _byte_map_base: 0x000002b4c690a000

Marking Bits (Prev, Next): (CMBitMap*) 0x000002b4afb085f0, (CMBitMap*) 0x000002b4afb08630
 Prev Bits: [0x000002b4c7500000, 0x000002b4c9450000)
 Next Bits: [0x000002b4c9450000, 0x000002b4cb3a0000)

Polling page: 0x000002b4adc00000

Metaspace:

Usage:
  Non-class:     11.88 MB used.
      Class:      1.44 MB used.
       Both:     13.32 MB used.

Virtual space:
  Non-class space:       64.00 MB reserved,      12.00 MB ( 19%) committed,  1 nodes.
      Class space:        1.00 GB reserved,       1.56 MB ( <1%) committed,  1 nodes.
             Both:        1.06 GB reserved,      13.56 MB (  1%) committed. 

Chunk freelists:
   Non-Class:  1.78 MB
       Class:  14.42 MB
        Both:  16.20 MB

MaxMetaspaceSize: unlimited
CompressedClassSpaceSize: 1.00 GB
Initial GC threshold: 21.00 MB
Current GC threshold: 21.00 MB
CDS: on
MetaspaceReclaimPolicy: balanced
 - commit_granule_bytes: 65536.
 - commit_granule_words: 8192.
 - virtual_space_node_default_size: 8388608.
 - enlarge_chunks_in_place: 1.
 - new_chunks_are_fully_committed: 0.
 - uncommit_free_chunks: 1.
 - use_allocation_guard: 0.
 - handle_deallocations: 1.


Internal statistics:

num_allocs_failed_limit: 0.
num_arena_births: 138.
num_arena_deaths: 0.
num_vsnodes_births: 2.
num_vsnodes_deaths: 0.
num_space_committed: 217.
num_space_uncommitted: 0.
num_chunks_returned_to_freelist: 0.
num_chunks_taken_from_freelist: 623.
num_chunk_merges: 0.
num_chunk_splits: 458.
num_chunks_enlarged: 393.
num_inconsistent_stats: 0.

CodeHeap 'non-profiled nmethods': size=120000Kb used=358Kb max_used=358Kb free=119641Kb
 bounds [0x000002b4bf0d0000, 0x000002b4bf340000, 0x000002b4c6600000]
CodeHeap 'profiled nmethods': size=120000Kb used=1794Kb max_used=1794Kb free=118205Kb
 bounds [0x000002b4b7600000, 0x000002b4b7870000, 0x000002b4beb30000]
CodeHeap 'non-nmethods': size=5760Kb used=1192Kb max_used=1220Kb free=4567Kb
 bounds [0x000002b4beb30000, 0x000002b4beda0000, 0x000002b4bf0d0000]
 total_blobs=1548 nmethods=1055 adapters=406
 compilation: enabled
              stopped_count=0, restarted_count=0
 full_count=0

Compilation events (20 events):
Event: 3.672 Thread 0x000002b4cddd65f0 nmethod 1026 0x000002b4b77b4f90 code [0x000002b4b77b5260, 0x000002b4b77b5f68]
Event: 3.672 Thread 0x000002b4cddd65f0 1045       3       jdk.internal.misc.Unsafe::checkNativeAddress (28 bytes)
Event: 3.672 Thread 0x000002b4cddd65f0 nmethod 1045 0x000002b4b77b6510 code [0x000002b4b77b66a0, 0x000002b4b77b67b8]
Event: 3.672 Thread 0x000002b4cddd65f0 1032       3       jdk.internal.util.Preconditions::checkFromIndexSize (25 bytes)
Event: 3.673 Thread 0x000002b4cddd65f0 nmethod 1032 0x000002b4b77b6890 code [0x000002b4b77b6a40, 0x000002b4b77b6be8]
Event: 3.673 Thread 0x000002b4cddd65f0 1031       3       java.util.Objects::checkFromIndexSize (8 bytes)
Event: 3.673 Thread 0x000002b4cddd65f0 nmethod 1031 0x000002b4b77b6c90 code [0x000002b4b77b6e40, 0x000002b4b77b7048]
Event: 3.673 Thread 0x000002b4cddd65f0 1028   !   3       org.jetbrains.kotlin.cli.jvm.compiler.jarfs.LargeDynamicMappedBuffer$Mapping::getBytes (65 bytes)
Event: 3.674 Thread 0x000002b4cddd65f0 nmethod 1028 0x000002b4b77b7190 code [0x000002b4b77b73c0, 0x000002b4b77b7c58]
Event: 3.674 Thread 0x000002b4cddd65f0 1007       1       java.nio.DirectByteBufferR::base (2 bytes)
Event: 3.674 Thread 0x000002b4cddd65f0 nmethod 1007 0x000002b4bf127b10 code [0x000002b4bf127ca0, 0x000002b4bf127d78]
Event: 3.674 Thread 0x000002b4cddd65f0 1033       3       java.nio.MappedByteBuffer::position (6 bytes)
Event: 3.674 Thread 0x000002b4cddd65f0 nmethod 1033 0x000002b4b77b8010 code [0x000002b4b77b81c0, 0x000002b4b77b83c8]
Event: 3.674 Thread 0x000002b4cddd65f0 1036  s    3       org.jetbrains.kotlin.cli.jvm.compiler.jarfs.LargeDynamicMappedBuffer::withMappedRange (350 bytes)
Event: 3.678 Thread 0x000002b4cddd65f0 nmethod 1036 0x000002b4b77b8510 code [0x000002b4b77b8940, 0x000002b4b77ba938]
Event: 3.678 Thread 0x000002b4cddd65f0  993   !   2       jdk.internal.misc.ScopedMemoryAccess::getShortUnalignedInternal (38 bytes)
Event: 3.679 Thread 0x000002b4cddd65f0 nmethod 993 0x000002b4b77bb410 code [0x000002b4b77bb5c0, 0x000002b4b77bb778]
Event: 3.679 Thread 0x000002b4cddd65f0 1015       2       java.lang.Short::toUnsignedInt (5 bytes)
Event: 3.679 Thread 0x000002b4cddd65f0 nmethod 1015 0x000002b4b77bb890 code [0x000002b4b77bba20, 0x000002b4b77bbb18]
Event: 3.679 Thread 0x000002b4cddd65f0 1037       3       org.jetbrains.kotlin.cli.jvm.compiler.jarfs.LargeDynamicMappedBuffer$Mapping::<init> (21 bytes)

GC Heap History (2 events):
Event: 2.511 GC heap before
{Heap before GC invocations=0 (full 0):
 garbage-first heap   total 129024K, used 26624K [0x0000000082c00000, 0x0000000100000000)
  region size 1024K, 23 young (23552K), 0 survivors (0K)
 Metaspace       used 7032K, committed 7168K, reserved 1114112K
  class space    used 654K, committed 704K, reserved 1048576K
}
Event: 2.520 GC heap after
{Heap after GC invocations=1 (full 0):
 garbage-first heap   total 129024K, used 6058K [0x0000000082c00000, 0x0000000100000000)
  region size 1024K, 3 young (3072K), 3 survivors (3072K)
 Metaspace       used 7032K, committed 7168K, reserved 1114112K
  class space    used 654K, committed 704K, reserved 1048576K
}

Dll operation events (6 events):
Event: 0.038 Loaded shared library C:\Program Files\Eclipse Adoptium\jdk-17.0.16.8-hotspot\bin\java.dll
Event: 0.210 Loaded shared library C:\Program Files\Eclipse Adoptium\jdk-17.0.16.8-hotspot\bin\jsvml.dll
Event: 0.456 Loaded shared library C:\Program Files\Eclipse Adoptium\jdk-17.0.16.8-hotspot\bin\net.dll
Event: 0.476 Loaded shared library C:\Program Files\Eclipse Adoptium\jdk-17.0.16.8-hotspot\bin\nio.dll
Event: 0.577 Loaded shared library C:\Program Files\Eclipse Adoptium\jdk-17.0.16.8-hotspot\bin\zip.dll
Event: 0.650 Loaded shared library C:\Program Files\Eclipse Adoptium\jdk-17.0.16.8-hotspot\bin\jimage.dll

Deoptimization events (20 events):
Event: 2.306 Thread 0x000002b4afaaa490 DEOPT PACKING pc=0x000002b4b76e094f sp=0x000000c9845f9900
Event: 2.306 Thread 0x000002b4afaaa490 DEOPT UNPACKING pc=0x000002b4beb87143 sp=0x000000c9845f8d60 mode 0
Event: 2.443 Thread 0x000002b4afaaa490 DEOPT PACKING pc=0x000002b4b764d8bb sp=0x000000c9845fa7c0
Event: 2.443 Thread 0x000002b4afaaa490 DEOPT UNPACKING pc=0x000002b4beb87143 sp=0x000000c9845f9c10 mode 0
Event: 2.461 Thread 0x000002b4afaaa490 DEOPT PACKING pc=0x000002b4b762d34a sp=0x000000c9845fcce0
Event: 2.461 Thread 0x000002b4afaaa490 DEOPT UNPACKING pc=0x000002b4beb87143 sp=0x000000c9845fc168 mode 0
Event: 2.647 Thread 0x000002b4afaaa490 DEOPT PACKING pc=0x000002b4b76570e0 sp=0x000000c9845f9da0
Event: 2.647 Thread 0x000002b4afaaa490 DEOPT UNPACKING pc=0x000002b4beb87143 sp=0x000000c9845f92b8 mode 0
Event: 3.249 Thread 0x000002b4afaaa490 Uncommon trap: trap_request=0xffffff45 fr.pc=0x000002b4bf119bdc relative=0x000000000000103c
Event: 3.249 Thread 0x000002b4afaaa490 Uncommon trap: reason=unstable_if action=reinterpret pc=0x000002b4bf119bdc method=java.util.concurrent.ConcurrentHashMap.putVal(Ljava/lang/Object;Ljava/lang/Object;Z)Ljava/lang/Object; @ 148 c2
Event: 3.249 Thread 0x000002b4afaaa490 DEOPT PACKING pc=0x000002b4bf119bdc sp=0x000000c9845fe240
Event: 3.249 Thread 0x000002b4afaaa490 DEOPT UNPACKING pc=0x000002b4beb869a3 sp=0x000000c9845fe1e0 mode 2
Event: 3.355 Thread 0x000002b4afaaa490 Uncommon trap: trap_request=0xffffff45 fr.pc=0x000002b4bf109d8c relative=0x000000000000026c
Event: 3.355 Thread 0x000002b4afaaa490 Uncommon trap: reason=unstable_if action=reinterpret pc=0x000002b4bf109d8c method=java.lang.String.startsWith(Ljava/lang/String;I)Z @ 1 c2
Event: 3.356 Thread 0x000002b4afaaa490 DEOPT PACKING pc=0x000002b4bf109d8c sp=0x000000c9845fd870
Event: 3.356 Thread 0x000002b4afaaa490 DEOPT UNPACKING pc=0x000002b4beb869a3 sp=0x000000c9845fd7f0 mode 2
Event: 3.663 Thread 0x000002b4afaaa490 Uncommon trap: trap_request=0xffffff5c fr.pc=0x000002b4bf127710 relative=0x0000000000000070
Event: 3.663 Thread 0x000002b4afaaa490 Uncommon trap: reason=speculate_null_check action=make_not_entrant pc=0x000002b4bf127710 method=jdk.internal.misc.Unsafe.getShortUnaligned(Ljava/lang/Object;JZ)S @ 5 c2
Event: 3.663 Thread 0x000002b4afaaa490 DEOPT PACKING pc=0x000002b4bf127710 sp=0x000000c9845fdb60
Event: 3.663 Thread 0x000002b4afaaa490 DEOPT UNPACKING pc=0x000002b4beb869a3 sp=0x000000c9845fdab8 mode 2

Classes loaded (20 events):
Event: 3.631 Loading class sun/nio/ch/NativeThread
Event: 3.631 Loading class sun/nio/ch/NativeThread done
Event: 3.631 Loading class sun/nio/ch/FileChannelImpl$DefaultUnmapper
Event: 3.631 Loading class sun/nio/ch/FileChannelImpl$Unmapper
Event: 3.631 Loading class jdk/internal/access/foreign/UnmapperProxy
Event: 3.631 Loading class jdk/internal/access/foreign/UnmapperProxy done
Event: 3.631 Loading class sun/nio/ch/FileChannelImpl$Unmapper done
Event: 3.631 Loading class sun/nio/ch/FileChannelImpl$DefaultUnmapper done
Event: 3.631 Loading class sun/nio/ch/IOStatus
Event: 3.631 Loading class sun/nio/ch/IOStatus done
Event: 3.632 Loading class sun/nio/ch/Util
Event: 3.632 Loading class sun/nio/ch/Util done
Event: 3.632 Loading class sun/nio/ch/Util$1
Event: 3.632 Loading class sun/nio/ch/Util$1 done
Event: 3.632 Loading class sun/nio/ch/Util$4
Event: 3.632 Loading class sun/nio/ch/Util$4 done
Event: 3.632 Loading class jdk/internal/access/foreign/MemorySegmentProxy
Event: 3.632 Loading class jdk/internal/access/foreign/MemorySegmentProxy done
Event: 3.649 Loading class jdk/internal/misc/ScopedMemoryAccess$Scope
Event: 3.649 Loading class jdk/internal/misc/ScopedMemoryAccess$Scope done

Classes unloaded (0 events):
No events

Classes redefined (0 events):
No events

Internal exceptions (20 events):
Event: 2.733 Thread 0x000002b4afaaa490 Exception <a 'java/lang/NoSuchMethodError'{0x000000008a669600}: 'int java.lang.invoke.DirectMethodHandle$Holder.invokeSpecial(java.lang.Object, java.lang.Object, java.lang.Object)'> (0x000000008a669600) 
thrown [s\src\hotspot\share\interpreter\linkResolver.cpp, line 759]
Event: 2.735 Thread 0x000002b4afaaa490 Exception <a 'java/lang/NoSuchMethodError'{0x000000008a66d438}: 'int java.lang.invoke.DirectMethodHandle$Holder.invokeSpecial(java.lang.Object, java.lang.Object, java.lang.Object, java.lang.Object)'> (0x000000008a66d438) 
thrown [s\src\hotspot\share\interpreter\linkResolver.cpp, line 759]
Event: 2.739 Thread 0x000002b4afaaa490 Exception <a 'java/lang/NoSuchMethodError'{0x000000008a67c3d8}: 'void java.lang.invoke.DelegatingMethodHandle$Holder.reinvoke_L(java.lang.Object, java.lang.Object, java.lang.Object, long, java.lang.Object, long, long)'> (0x000000008a67c3d8) 
thrown [s\src\hotspot\share\interpreter\linkResolver.cpp, line 759]
Event: 2.742 Thread 0x000002b4afaaa490 Exception <a 'java/lang/NoSuchMethodError'{0x000000008a6d2ea0}: 'long java.lang.invoke.Invokers$Holder.invokeExact_MT(java.lang.Object, java.lang.Object, java.lang.Object)'> (0x000000008a6d2ea0) 
thrown [s\src\hotspot\share\interpreter\linkResolver.cpp, line 759]
Event: 2.744 Thread 0x000002b4afaaa490 Exception <a 'java/lang/NoSuchMethodError'{0x000000008a6d73a0}: 'int java.lang.invoke.Invokers$Holder.invokeExact_MT(java.lang.Object, java.lang.Object, java.lang.Object)'> (0x000000008a6d73a0) 
thrown [s\src\hotspot\share\interpreter\linkResolver.cpp, line 759]
Event: 2.807 Thread 0x000002b4afaaa490 Exception <a 'java/lang/NoSuchMethodError'{0x000000008a5befe8}: 'int java.lang.invoke.DirectMethodHandle$Holder.invokeStaticInit(java.lang.Object, java.lang.Object, java.lang.Object)'> (0x000000008a5befe8) 
thrown [s\src\hotspot\share\interpreter\linkResolver.cpp, line 759]
Event: 2.819 Thread 0x000002b4afaaa490 Exception <a 'java/lang/NoSuchMethodError'{0x000000008a5ef460}: 'int java.lang.invoke.DirectMethodHandle$Holder.invokeStaticInit(java.lang.Object, java.lang.Object)'> (0x000000008a5ef460) 
thrown [s\src\hotspot\share\interpreter\linkResolver.cpp, line 759]
Event: 2.855 Thread 0x000002b4afaaa490 Exception <a 'java/lang/NoSuchMethodError'{0x000000008a4b4568}: 'int java.lang.invoke.DirectMethodHandle$Holder.invokeStatic(java.lang.Object)'> (0x000000008a4b4568) 
thrown [s\src\hotspot\share\interpreter\linkResolver.cpp, line 759]
Event: 2.857 Thread 0x000002b4afaaa490 Exception <a 'java/lang/NoSuchMethodError'{0x000000008a4b7c10}: 'int java.lang.invoke.DirectMethodHandle$Holder.invokeStaticInit(java.lang.Object)'> (0x000000008a4b7c10) 
thrown [s\src\hotspot\share\interpreter\linkResolver.cpp, line 759]
Event: 2.868 Thread 0x000002b4afaaa490 Exception <a 'java/lang/NoSuchMethodError'{0x000000008a4e27b8}: 'java.lang.Object java.lang.invoke.DirectMethodHandle$Holder.invokeStatic(java.lang.Object, java.lang.Object, int, java.lang.Object, int)'> (0x000000008a4e27b8) 
thrown [s\src\hotspot\share\interpreter\linkResolver.cpp, line 759]
Event: 2.870 Thread 0x000002b4afaaa490 Exception <a 'java/lang/NoSuchMethodError'{0x000000008a4e9ae8}: 'java.lang.Object java.lang.invoke.DirectMethodHandle$Holder.newInvokeSpecial(java.lang.Object, java.lang.Object, int)'> (0x000000008a4e9ae8) 
thrown [s\src\hotspot\share\interpreter\linkResolver.cpp, line 759]
Event: 2.880 Thread 0x000002b4afaaa490 Exception <a 'java/lang/NoSuchMethodError'{0x000000008a31bec0}: 'void java.lang.invoke.DirectMethodHandle$Holder.invokeSpecial(java.lang.Object, java.lang.Object, java.lang.Object)'> (0x000000008a31bec0) 
thrown [s\src\hotspot\share\interpreter\linkResolver.cpp, line 759]
Event: 3.215 Thread 0x000002b4afaaa490 Exception <a 'java/lang/NoSuchMethodError'{0x0000000089da8420}: 'java.lang.Object java.lang.invoke.DirectMethodHandle$Holder.invokeInterface(java.lang.Object, java.lang.Object)'> (0x0000000089da8420) 
thrown [s\src\hotspot\share\interpreter\linkResolver.cpp, line 759]
Event: 3.314 Thread 0x000002b4afaaa490 Exception <a 'java/lang/NoSuchMethodError'{0x0000000089a2f790}: 'void java.lang.invoke.DirectMethodHandle$Holder.invokeStaticInit(java.lang.Object, java.lang.Object)'> (0x0000000089a2f790) 
thrown [s\src\hotspot\share\interpreter\linkResolver.cpp, line 759]
Event: 3.423 Thread 0x000002b4afaaa490 Exception <a 'java/lang/NoSuchMethodError'{0x0000000089827970}: 'int java.lang.invoke.DirectMethodHandle$Holder.invokeVirtual(java.lang.Object, java.lang.Object, java.lang.Object)'> (0x0000000089827970) 
thrown [s\src\hotspot\share\interpreter\linkResolver.cpp, line 759]
Event: 3.585 Thread 0x000002b4afaaa490 Exception <a 'java/lang/NoSuchMethodError'{0x0000000089567f98}: 'void java.lang.invoke.DirectMethodHandle$Holder.invokeVirtual(java.lang.Object, java.lang.Object)'> (0x0000000089567f98) 
thrown [s\src\hotspot\share\interpreter\linkResolver.cpp, line 759]
Event: 3.617 Thread 0x000002b4afaaa490 Exception <a 'java/lang/NoSuchMethodError'{0x00000000895f09b0}: 'java.lang.Object java.lang.invoke.DirectMethodHandle$Holder.invokeStatic(java.lang.Object, java.lang.Object, long, long)'> (0x00000000895f09b0) 
thrown [s\src\hotspot\share\interpreter\linkResolver.cpp, line 759]
Event: 3.629 Thread 0x000002b4afaaa490 Exception <a 'java/lang/NoSuchMethodError'{0x00000000894180e8}: 'java.lang.Object java.lang.invoke.Invokers$Holder.invoke_MT(java.lang.Object, java.lang.Object, java.lang.Object)'> (0x00000000894180e8) 
thrown [s\src\hotspot\share\interpreter\linkResolver.cpp, line 759]
Event: 3.635 Thread 0x000002b4afaaa490 Exception <a 'java/lang/NoSuchMethodError'{0x0000000089429440}: 'java.lang.Object java.lang.invoke.DirectMethodHandle$Holder.invokeStatic(java.lang.Object, java.lang.Object, java.lang.Object, long, java.lang.Object)'> (0x0000000089429440) 
thrown [s\src\hotspot\share\interpreter\linkResolver.cpp, line 759]
Event: 3.636 Thread 0x000002b4afaaa490 Exception <a 'java/lang/NoSuchMethodError'{0x00000000894314b8}: 'java.lang.Object java.lang.invoke.DirectMethodHandle$Holder.newInvokeSpecial(java.lang.Object, java.lang.Object, java.lang.Object, long)'> (0x00000000894314b8) 
thrown [s\src\hotspot\share\interpreter\linkResolver.cpp, line 759]

VM Operations (12 events):
Event: 0.581 Executing VM operation: HandshakeAllThreads
Event: 0.581 Executing VM operation: HandshakeAllThreads done
Event: 1.591 Executing VM operation: Cleanup
Event: 1.592 Executing VM operation: Cleanup done
Event: 1.598 Executing VM operation: HandshakeAllThreads
Event: 1.598 Executing VM operation: HandshakeAllThreads done
Event: 1.973 Executing VM operation: HandshakeAllThreads
Event: 1.973 Executing VM operation: HandshakeAllThreads done
Event: 2.511 Executing VM operation: G1CollectForAllocation
Event: 2.520 Executing VM operation: G1CollectForAllocation done
Event: 3.526 Executing VM operation: Cleanup
Event: 3.527 Executing VM operation: Cleanup done

Memory protections (0 events):
No events

Nmethod flushes (0 events):
No events

Events (16 events):
Event: 0.211 Thread 0x000002b4afaaa490 Thread added: 0x000002b4afaaa490
Event: 0.251 Thread 0x000002b4afaaa490 Thread added: 0x000002b4cddb12b0
Event: 0.252 Thread 0x000002b4afaaa490 Thread added: 0x000002b4cddb29e0
Event: 0.347 Thread 0x000002b4afaaa490 Thread added: 0x000002b4cddcddf0
Event: 0.347 Thread 0x000002b4afaaa490 Thread added: 0x000002b4cddd07c0
Event: 0.348 Thread 0x000002b4afaaa490 Thread added: 0x000002b4cddd1cf0
Event: 0.348 Thread 0x000002b4afaaa490 Thread added: 0x000002b4cddd4230
Event: 0.348 Thread 0x000002b4afaaa490 Thread added: 0x000002b4cddd4fd0
Event: 0.348 Thread 0x000002b4afaaa490 Thread added: 0x000002b4cddd65f0
Event: 0.349 Thread 0x000002b4afaaa490 Thread added: 0x000002b4cddd9b70
Event: 0.438 Thread 0x000002b4afaaa490 Thread added: 0x000002b5130f5610
Event: 0.445 Thread 0x000002b4afaaa490 Thread added: 0x000002b5130ffdb0
Event: 0.555 Thread 0x000002b4cddd4fd0 Thread added: 0x000002b513164f60
Event: 0.712 Thread 0x000002b513164f60 Thread exited: 0x000002b513164f60
Event: 3.678 Thread 0x000002b4cddd65f0 Thread added: 0x000002b5139ce440
Event: 3.678 Thread 0x000002b4cddd65f0 Thread added: 0x000002b513998030


Dynamic libraries:
0x00007ff75ef80000 - 0x00007ff75ef8e000 	C:\Program Files\Eclipse Adoptium\jdk-17.0.16.8-hotspot\bin\java.exe
0x00007fff1f9e0000 - 0x00007fff1fc47000 	C:\WINDOWS\SYSTEM32\ntdll.dll
0x00007fff1e670000 - 0x00007fff1e739000 	C:\WINDOWS\System32\KERNEL32.DLL
0x00007fff1d370000 - 0x00007fff1d764000 	C:\WINDOWS\System32\KERNELBASE.dll
0x00007fff1c2b0000 - 0x00007fff1c3fb000 	C:\WINDOWS\System32\ucrtbase.dll
0x00007fff01c30000 - 0x00007fff01c47000 	C:\Program Files\Eclipse Adoptium\jdk-17.0.16.8-hotspot\bin\jli.dll
0x00007fff1f7d0000 - 0x00007fff1f995000 	C:\WINDOWS\System32\USER32.dll
0x00007fff1c790000 - 0x00007fff1c7b7000 	C:\WINDOWS\System32\win32u.dll
0x00007fff1d770000 - 0x00007fff1d79b000 	C:\WINDOWS\System32\GDI32.dll
0x00007fff1d030000 - 0x00007fff1d15b000 	C:\WINDOWS\System32\gdi32full.dll
0x00007fff1c620000 - 0x00007fff1c6c3000 	C:\WINDOWS\System32\msvcp_win.dll
0x00007fff07460000 - 0x00007fff0747e000 	C:\Program Files\Eclipse Adoptium\jdk-17.0.16.8-hotspot\bin\VCRUNTIME140.dll
0x00007fff049a0000 - 0x00007fff04c33000 	C:\WINDOWS\WinSxS\amd64_microsoft.windows.common-controls_6595b64144ccf1df_6.0.26100.8115_none_3e075c82e3354f9c\COMCTL32.dll
0x00007fff1e180000 - 0x00007fff1e229000 	C:\WINDOWS\System32\msvcrt.dll
0x00007fff1f190000 - 0x00007fff1f1c2000 	C:\WINDOWS\System32\IMM32.DLL
0x00007fff0c610000 - 0x00007fff0c61c000 	C:\Program Files\Eclipse Adoptium\jdk-17.0.16.8-hotspot\bin\vcruntime140_1.dll
0x00007ffee12a0000 - 0x00007ffee132d000 	C:\Program Files\Eclipse Adoptium\jdk-17.0.16.8-hotspot\bin\msvcp140.dll
0x00007ffe836a0000 - 0x00007ffe8430b000 	C:\Program Files\Eclipse Adoptium\jdk-17.0.16.8-hotspot\bin\server\jvm.dll
0x00007fff1e330000 - 0x00007fff1e3e6000 	C:\WINDOWS\System32\ADVAPI32.dll
0x00007fff1d7a0000 - 0x00007fff1d847000 	C:\WINDOWS\System32\sechost.dll
0x00007fff1e830000 - 0x00007fff1e948000 	C:\WINDOWS\System32\RPCRT4.dll
0x00007fff1f210000 - 0x00007fff1f290000 	C:\WINDOWS\System32\WS2_32.dll
0x00007fff1c110000 - 0x00007fff1c16e000 	C:\WINDOWS\SYSTEM32\POWRPROF.dll
0x00007ffee1a60000 - 0x00007ffee1a96000 	C:\WINDOWS\SYSTEM32\WINMM.dll
0x00007fff0dbe0000 - 0x00007fff0dbeb000 	C:\WINDOWS\SYSTEM32\VERSION.dll
0x00007fff1c0f0000 - 0x00007fff1c104000 	C:\WINDOWS\SYSTEM32\UMPDC.dll
0x00007fff1b000000 - 0x00007fff1b01b000 	C:\WINDOWS\SYSTEM32\kernel.appcore.dll
0x00007fff0bce0000 - 0x00007fff0bcea000 	C:\Program Files\Eclipse Adoptium\jdk-17.0.16.8-hotspot\bin\jimage.dll
0x00007fff19e40000 - 0x00007fff1a082000 	C:\WINDOWS\SYSTEM32\DBGHELP.DLL
0x00007fff1eb30000 - 0x00007fff1eeb2000 	C:\WINDOWS\System32\combase.dll
0x00007fff1eec0000 - 0x00007fff1ef98000 	C:\WINDOWS\System32\OLEAUT32.dll
0x00007fff0b0a0000 - 0x00007fff0b0db000 	C:\WINDOWS\SYSTEM32\dbgcore.DLL
0x00007fff1c570000 - 0x00007fff1c615000 	C:\WINDOWS\System32\bcryptPrimitives.dll
0x00007fff01bc0000 - 0x00007fff01be5000 	C:\Program Files\Eclipse Adoptium\jdk-17.0.16.8-hotspot\bin\java.dll
0x00007ffee11c0000 - 0x00007ffee1297000 	C:\Program Files\Eclipse Adoptium\jdk-17.0.16.8-hotspot\bin\jsvml.dll
0x00007fff1da10000 - 0x00007fff1e177000 	C:\WINDOWS\System32\SHELL32.dll
0x00007fff1c400000 - 0x00007fff1c56a000 	C:\WINDOWS\System32\wintypes.dll
0x00007fff1c7c0000 - 0x00007fff1d028000 	C:\WINDOWS\System32\windows.storage.dll
0x00007fff1d910000 - 0x00007fff1da08000 	C:\WINDOWS\System32\SHCORE.dll
0x00007fff1e7c0000 - 0x00007fff1e826000 	C:\WINDOWS\System32\shlwapi.dll
0x00007fff1c1d0000 - 0x00007fff1c1f9000 	C:\WINDOWS\SYSTEM32\profapi.dll
0x00007fff00cb0000 - 0x00007fff00cc9000 	C:\Program Files\Eclipse Adoptium\jdk-17.0.16.8-hotspot\bin\net.dll
0x00007fff16240000 - 0x00007fff1636d000 	C:\WINDOWS\SYSTEM32\WINHTTP.dll
0x00007fff1b550000 - 0x00007fff1b5bc000 	C:\WINDOWS\system32\mswsock.dll
0x00007fff00c90000 - 0x00007fff00ca6000 	C:\Program Files\Eclipse Adoptium\jdk-17.0.16.8-hotspot\bin\nio.dll
0x00007fff00c00000 - 0x00007fff00c18000 	C:\Program Files\Eclipse Adoptium\jdk-17.0.16.8-hotspot\bin\zip.dll

dbghelp: loaded successfully - version: 4.0.5 - missing functions: none
symbol engine: initialized successfully - sym options: 0x614 - pdb path: .;C:\Program Files\Eclipse Adoptium\jdk-17.0.16.8-hotspot\bin;C:\WINDOWS\SYSTEM32;C:\WINDOWS\WinSxS\amd64_microsoft.windows.common-controls_6595b64144ccf1df_6.0.26100.8115_none_3e075c82e3354f9c;C:\Program Files\Eclipse Adoptium\jdk-17.0.16.8-hotspot\bin\server

VM Arguments:
java_command: org.jetbrains.kotlin.cli.jvm.K2JVMCompiler @C:\Users\dell\Desktop\SWIPS\samwega-pos-bare\android\app\build\20260505_1378205498252150382.compiler.options
java_class_path (initial): C:\Users\dell\.gradle\caches\modules-2\files-2.1\org.jetbrains.kotlin\kotlin-compiler-embeddable\2.1.20\4ef56b3316798316bfac7a0ae443391c9e900ea1\kotlin-compiler-embeddable-2.1.20.jar;C:\Users\dell\.gradle\caches\modules-2\files-2.1\org.jetbrains.kotlin\kotlin-stdlib\2.1.20\aa8ca79cd50578314f6d1180c47cbe14c0fee567\kotlin-stdlib-2.1.20.jar;C:\Users\dell\.gradle\caches\modules-2\files-2.1\org.jetbrains.kotlin\kotlin-script-runtime\2.1.20\f7c623d7f7bdb01f5ccd6b437bc0a937fcd7c57e\kotlin-script-runtime-2.1.20.jar;C:\Users\dell\.gradle\caches\modules-2\files-2.1\org.jetbrains.kotlin\kotlin-reflect\1.6.10\1cbe9c92c12a94eea200d23c2bbaedaf3daf5132\kotlin-reflect-1.6.10.jar;C:\Users\dell\.gradle\caches\modules-2\files-2.1\org.jetbrains.kotlin\kotlin-daemon-embeddable\2.1.20\95670fce77befd02a70a0bc3abe8ee4533521334\kotlin-daemon-embeddable-2.1.20.jar;C:\Users\dell\.gradle\caches\modules-2\files-2.1\org.jetbrains.intellij.deps\trove4j\1.0.20200330\3afb14d5f9ceb459d724e907a21145e8ff394f02\trove4j-1.0.20200330.jar;C:\Users\dell\.gradle\caches\modules-2\files-2.1\org.jetbrains.kotlinx\kotlinx-coroutines-core-jvm\1.8.0\ac1dc37a30a93150b704022f8d895ee1bd3a36b3\kotlinx-coroutines-core-jvm-1.8.0.jar;C:\Users\dell\.gradle\caches\modules-2\files-2.1\org.jetbrains\annotations\13.0\919f0dfe192fb4e063e7dacadee7f8bb9a2672a9\annotations-13.0.jar
Launcher Type: SUN_STANDARD

[Global flags]
     intx CICompilerCount                          = 4                                         {product} {ergonomic}
     uint ConcGCThreads                            = 2                                         {product} {ergonomic}
     uint G1ConcRefinementThreads                  = 8                                         {product} {ergonomic}
   size_t G1HeapRegionSize                         = 1048576                                   {product} {ergonomic}
    uintx GCDrainStackTargetSize                   = 64                                        {product} {ergonomic}
   size_t InitialHeapSize                          = 132120576                                 {product} {ergonomic}
   size_t MarkStackSize                            = 4194304                                   {product} {ergonomic}
   size_t MaxHeapSize                              = 2101346304                                {product} {ergonomic}
   size_t MaxNewSize                               = 1260388352                                {product} {ergonomic}
   size_t MinHeapDeltaBytes                        = 1048576                                   {product} {ergonomic}
   size_t MinHeapSize                              = 8388608                                   {product} {ergonomic}
    uintx NonNMethodCodeHeapSize                   = 5839372                                {pd product} {ergonomic}
    uintx NonProfiledCodeHeapSize                  = 122909434                              {pd product} {ergonomic}
    uintx ProfiledCodeHeapSize                     = 122909434                              {pd product} {ergonomic}
    uintx ReservedCodeCacheSize                    = 251658240                              {pd product} {ergonomic}
     bool SegmentedCodeCache                       = true                                      {product} {ergonomic}
   size_t SoftMaxHeapSize                          = 2101346304                             {manageable} {ergonomic}
     bool UseCompressedClassPointers               = true                           {product lp64_product} {ergonomic}
     bool UseCompressedOops                        = true                           {product lp64_product} {ergonomic}
     bool UseG1GC                                  = true                                      {product} {ergonomic}
     bool UseLargePagesIndividualAllocation        = false                                  {pd product} {ergonomic}

Logging:
Log output configuration:
 #0: stdout all=warning uptime,level,tags
 #1: stderr all=off uptime,level,tags

Environment Variables:
JAVA_HOME=C:\Program Files\Eclipse Adoptium\jdk-17.0.16.8-hotspot\
PATH=C:\Users\dell\Desktop\SWIPS\samwega-pos-bare\node_modules\.bin;C:\Users\dell\Desktop\SWIPS\samwega-pos-bare\node_modules\.bin;C:\Users\dell\Desktop\SWIPS\node_modules\.bin;C:\Users\dell\Desktop\node_modules\.bin;C:\Users\dell\node_modules\.bin;C:\Users\node_modules\.bin;C:\node_modules\.bin;C:\Users\dell\AppData\Roaming\npm\node_modules\npm\node_modules\@npmcli\run-script\lib\node-gyp-bin;C:\Program Files\Eclipse Adoptium\jdk-17.0.16.8-hotspot\bin;C:\WINDOWS\system32;C:\WINDOWS;C:\WINDOWS\System32\Wbem;C:\WINDOWS\System32\WindowsPowerShell\v1.0\;C:\WINDOWS\System32\OpenSSH\;C:\Program Files\nodejs\;C:\Program Files\Git\cmd;C:\Program Files\Gammu 1.42.0\bin;C:\Users\dell\.cargo\bin;C:\Users\dell\AppData\Local\Programs\Python\Python313\Scripts\;C:\Users\dell\AppData\Local\Programs\Python\Python313\;C:\Users\dell\AppData\Local\Programs\Python\Launcher\;C:\Users\dell\AppData\Local\Microsoft\WindowsApps;C:\Users\dell\AppData\Roaming\npm;C:\Users\dell\AppData\Local\Programs\Microsoft VS Code\bin;C:\Users\dell\.cargo\bin;C:\Android\sdk\platform-tools;C:\Users\dell\AppData\Local\Programs\Antigravity\bin
USERNAME=dell
OS=Windows_NT
PROCESSOR_IDENTIFIER=Intel64 Family 6 Model 142 Stepping 12, GenuineIntel
TMP=C:\Users\dell\AppData\Local\Temp
TEMP=C:\Users\dell\AppData\Local\Temp



Periodic native trim disabled


---------------  S Y S T E M  ---------------

OS:
 Windows 11 , 64 bit Build 26100 (10.0.26100.8246)
OS uptime: 2 days 14:06 hours
Hyper-V role detected

CPU: total 8 (initial active 8) (4 cores per cpu, 2 threads per core) family 6 model 142 stepping 12 microcode 0xfc, cx8, cmov, fxsr, ht, mmx, 3dnowpref, sse, sse2, sse3, ssse3, sse4.1, sse4.2, popcnt, lzcnt, tsc, tscinvbit, avx, avx2, aes, erms, clmul, bmi1, bmi2, adx, fma, vzeroupper, clflush, clflushopt, hv
Processor Information for processor 0
  Max Mhz: 1800, Current Mhz: 1600, Mhz Limit: 1584
Processor Information for processor 1
  Max Mhz: 1800, Current Mhz: 1500, Mhz Limit: 1584
Processor Information for processor 2
  Max Mhz: 1800, Current Mhz: 1500, Mhz Limit: 1584
Processor Information for processor 3
  Max Mhz: 1800, Current Mhz: 1500, Mhz Limit: 1584
Processor Information for processor 4
  Max Mhz: 1800, Current Mhz: 1500, Mhz Limit: 1584
Processor Information for processor 5
  Max Mhz: 1800, Current Mhz: 1500, Mhz Limit: 1584
Processor Information for processor 6
  Max Mhz: 1800, Current Mhz: 1500, Mhz Limit: 1584
Processor Information for processor 7
  Max Mhz: 1800, Current Mhz: 1500, Mhz Limit: 1584

Memory: 4k page, system-wide physical 8012M (932M free)
TotalPageFile size 15311M (AvailPageFile size 0M)
current process WorkingSet (physical memory assigned to process): 95M, peak: 95M
current process commit charge ("private bytes"): 232M, peak: 232M

vm_info: OpenJDK 64-Bit Server VM (17.0.16+8) for windows-amd64 JRE (17.0.16+8), built on Jul 16 2025 10:37:56 by "admin" with MS VC++ 17.7 (VS2022)

END.
