#
# There is insufficient memory for the Java Runtime Environment to continue.
# Native memory allocation (malloc) failed to allocate 409568 bytes. Error detail: Chunk::new
# Possible reasons:
#   The system is out of physical RAM or swap space
#   This process is running with CompressedOops enabled, and the Java Heap may be blocking the growth of the native heap
# Possible solutions:
#   Reduce memory load on the system
#   Increase physical memory or swap space
#   Check if swap backing store is full
#   Decrease Java heap size (-Xmx/-Xms)
#   Decrease number of Java threads
#   Decrease Java thread stack sizes (-Xss)
#   Set larger code cache with -XX:ReservedCodeCacheSize=
#   JVM is running with Unscaled Compressed Oops mode in which the Java heap is
#     placed in the first 4GB address space. The Java Heap base address is the
#     maximum limit for the native heap growth. Please use -XX:HeapBaseMinAddress
#     to set the Java Heap base and to place the Java Heap above 4GB virtual address.
# This output file may be truncated or incomplete.
#
#  Out of Memory Error (arena.cpp:191), pid=17464, tid=8116
#
# JRE version: OpenJDK Runtime Environment Temurin-17.0.16+8 (17.0.16+8) (build 17.0.16+8)
# Java VM: OpenJDK 64-Bit Server VM Temurin-17.0.16+8 (17.0.16+8, mixed mode, sharing, tiered, compressed oops, compressed class ptrs, g1 gc, windows-amd64)
# No core dump will be written. Minidumps are not enabled by default on client versions of Windows
#

---------------  S U M M A R Y ------------

Command Line: -Xmx64m -Xms64m -Dorg.gradle.appname=gradlew C:\Users\dell\Desktop\SWIPS\samwega-pos-bare\android\\gradle\wrapper\gradle-wrapper.jar assembleRelease

Host: Intel(R) Core(TM) i5-8265U CPU @ 1.60GHz, 8 cores, 7G,  Windows 11 , 64 bit Build 26100 (10.0.26100.7705)
Time: Sun Mar  8 15:08:06 2026 E. Africa Standard Time elapsed time: 722.143488 seconds (0d 0h 12m 2s)

---------------  T H R E A D  ---------------

Current thread (0x00000216a96c0710):  JavaThread "C2 CompilerThread0" daemon [_thread_in_native, id=8116, stack(0x000000ee27800000,0x000000ee27900000)]


Current CompileTask:
C2: 722143 2058   !   4       java.util.concurrent.ConcurrentHashMap::transfer (849 bytes)

Stack: [0x000000ee27800000,0x000000ee27900000]
Native frames: (J=compiled Java code, j=interpreted, Vv=VM code, C=native code)
V  [jvm.dll+0x683169]
V  [jvm.dll+0x839ac8]
V  [jvm.dll+0x83b573]
V  [jvm.dll+0x83bbe3]
V  [jvm.dll+0x2473ff]
V  [jvm.dll+0xace94]
V  [jvm.dll+0xad52c]
V  [jvm.dll+0x365e0e]
V  [jvm.dll+0x32fff8]
V  [jvm.dll+0x32f47a]
V  [jvm.dll+0x21831f]
V  [jvm.dll+0x21775f]
V  [jvm.dll+0x1a32a0]
V  [jvm.dll+0x227b3c]
V  [jvm.dll+0x225ccb]
V  [jvm.dll+0x7ef2d8]
V  [jvm.dll+0x7e979c]
V  [jvm.dll+0x682047]
C  [ucrtbase.dll+0x37b0]
C  [KERNEL32.DLL+0x2e8d7]
C  [ntdll.dll+0x8c40c]


---------------  P R O C E S S  ---------------

Threads class SMR info:
_java_thread_list=0x00000216ef587460, length=13, elements={
0x000002168fc44670, 0x00000216a969dae0, 0x00000216a969e6a0, 0x00000216a96b7ca0,
0x00000216a96ba670, 0x00000216a96bc040, 0x00000216a96bca00, 0x00000216a96c0710,
0x00000216a96c11c0, 0x00000216a96c1bc0, 0x00000216a991dfd0, 0x00000216a9924380,
0x00000216efc2b1d0
}

Java Threads: ( => current thread )
  0x000002168fc44670 JavaThread "main" [_thread_in_vm, id=7456, stack(0x000000ee26b00000,0x000000ee26c00000)]
  0x00000216a969dae0 JavaThread "Reference Handler" daemon [_thread_blocked, id=19464, stack(0x000000ee27200000,0x000000ee27300000)]
  0x00000216a969e6a0 JavaThread "Finalizer" daemon [_thread_blocked, id=4360, stack(0x000000ee27300000,0x000000ee27400000)]
  0x00000216a96b7ca0 JavaThread "Signal Dispatcher" daemon [_thread_blocked, id=18680, stack(0x000000ee27400000,0x000000ee27500000)]
  0x00000216a96ba670 JavaThread "Attach Listener" daemon [_thread_blocked, id=12056, stack(0x000000ee27500000,0x000000ee27600000)]
  0x00000216a96bc040 JavaThread "Service Thread" daemon [_thread_blocked, id=21048, stack(0x000000ee27600000,0x000000ee27700000)]
  0x00000216a96bca00 JavaThread "Monitor Deflation Thread" daemon [_thread_blocked, id=9272, stack(0x000000ee27700000,0x000000ee27800000)]
=>0x00000216a96c0710 JavaThread "C2 CompilerThread0" daemon [_thread_in_native, id=8116, stack(0x000000ee27800000,0x000000ee27900000)]
  0x00000216a96c11c0 JavaThread "C1 CompilerThread0" daemon [_thread_blocked, id=21516, stack(0x000000ee27900000,0x000000ee27a00000)]
  0x00000216a96c1bc0 JavaThread "Sweeper thread" daemon [_thread_blocked, id=20820, stack(0x000000ee27a00000,0x000000ee27b00000)]
  0x00000216a991dfd0 JavaThread "Notification Thread" daemon [_thread_blocked, id=552, stack(0x000000ee27b00000,0x000000ee27c00000)]
  0x00000216a9924380 JavaThread "Common-Cleaner" daemon [_thread_blocked, id=12120, stack(0x000000ee27d00000,0x000000ee27e00000)]
  0x00000216efc2b1d0 JavaThread "pool-1-thread-1" [_thread_blocked, id=11428, stack(0x000000ee28300000,0x000000ee28400000)]

Other Threads:
  0x00000216a9699570 VMThread "VM Thread" [stack: 0x000000ee27100000,0x000000ee27200000] [id=18872]
  0x00000216a991ead0 WatcherThread [stack: 0x000000ee27c00000,0x000000ee27d00000] [id=21292]
  0x000002168fc65a60 GCTaskThread "GC Thread#0" [stack: 0x000000ee26c00000,0x000000ee26d00000] [id=10328]
  0x00000216a9aaabd0 GCTaskThread "GC Thread#1" [stack: 0x000000ee28000000,0x000000ee28100000] [id=10412]
  0x00000216ef31c580 GCTaskThread "GC Thread#2" [stack: 0x000000ee28100000,0x000000ee28200000] [id=16512]
  0x00000216ef132da0 GCTaskThread "GC Thread#3" [stack: 0x000000ee28200000,0x000000ee28300000] [id=14688]
  0x00000216a9c67d10 GCTaskThread "GC Thread#4" [stack: 0x000000ee27e00000,0x000000ee27f00000] [id=11044]
  0x00000216a9aa8180 GCTaskThread "GC Thread#5" [stack: 0x000000ee27f00000,0x000000ee28000000] [id=14536]
  0x00000216ef01c8a0 GCTaskThread "GC Thread#6" [stack: 0x000000ee28400000,0x000000ee28500000] [id=15020]
  0x00000216ef6a4c20 GCTaskThread "GC Thread#7" [stack: 0x000000ee28500000,0x000000ee28600000] [id=21844]
  0x000002168fc681c0 ConcurrentGCThread "G1 Main Marker" [stack: 0x000000ee26d00000,0x000000ee26e00000] [id=21592]
  0x000002168fc68be0 ConcurrentGCThread "G1 Conc#0" [stack: 0x000000ee26e00000,0x000000ee26f00000] [id=18664]
  0x000002168fcf6e20 ConcurrentGCThread "G1 Refine#0" [stack: 0x000000ee26f00000,0x000000ee27000000] [id=15520]
  0x00000216ef3d44d0 ConcurrentGCThread "G1 Refine#1" [stack: 0x000000ee28600000,0x000000ee28700000] [id=11924]
  0x00000216efbf5200 ConcurrentGCThread "G1 Refine#2" [stack: 0x000000ee28700000,0x000000ee28800000] [id=2012]
  0x000002168fcf76f0 ConcurrentGCThread "G1 Service" [stack: 0x000000ee27000000,0x000000ee27100000] [id=14528]

Threads with active compile tasks:
C2 CompilerThread0   722511 2058   !   4       java.util.concurrent.ConcurrentHashMap::transfer (849 bytes)

VM state: not at safepoint (normal execution)

VM Mutex/Monitor currently owned by a thread: None

Heap address: 0x00000000fc000000, size: 64 MB, Compressed Oops mode: 32-bit

CDS archive(s) mapped at: [0x00000216aa000000-0x00000216aabb0000-0x00000216aabb0000), size 12255232, SharedBaseAddress: 0x00000216aa000000, ArchiveRelocationMode: 1.
Compressed class space mapped at: 0x00000216ab000000-0x00000216eb000000, reserved size: 1073741824
Narrow klass base: 0x00000216aa000000, Narrow klass shift: 0, Narrow klass range: 0x100000000

GC Precious Log:
 CPUs: 8 total, 8 available
 Memory: 8012M
 Large Page Support: Disabled
 NUMA Support: Disabled
 Compressed Oops: Enabled (32-bit)
 Heap Region Size: 1M
 Heap Min Capacity: 64M
 Heap Initial Capacity: 64M
 Heap Max Capacity: 64M
 Pre-touch: Disabled
 Parallel Workers: 8
 Concurrent Workers: 2
 Concurrent Refinement Workers: 8
 Periodic GC: Disabled

Heap:
 garbage-first heap   total 65536K, used 28224K [0x00000000fc000000, 0x0000000100000000)
  region size 1024K, 22 young (22528K), 4 survivors (4096K)
 Metaspace       used 9615K, committed 9856K, reserved 1114112K
  class space    used 1247K, committed 1344K, reserved 1048576K

Heap Regions: E=young(eden), S=young(survivor), O=old, HS=humongous(starts), HC=humongous(continues), CS=collection set, F=free, OA=open archive, CA=closed archive, TAMS=top-at-mark-start (previous, next)
|   0|0x00000000fc000000, 0x00000000fc100000, 0x00000000fc100000|100%|HS|  |TAMS 0x00000000fc000000, 0x00000000fc000000| Complete 
|   1|0x00000000fc100000, 0x00000000fc200000, 0x00000000fc200000|100%|HC|  |TAMS 0x00000000fc100000, 0x00000000fc100000| Complete 
|   2|0x00000000fc200000, 0x00000000fc300000, 0x00000000fc300000|100%|HC|  |TAMS 0x00000000fc200000, 0x00000000fc200000| Complete 
|   3|0x00000000fc300000, 0x00000000fc400000, 0x00000000fc400000|100%| O|  |TAMS 0x00000000fc300000, 0x00000000fc300000| Untracked 
|   4|0x00000000fc400000, 0x00000000fc500000, 0x00000000fc500000|100%| O|  |TAMS 0x00000000fc400000, 0x00000000fc400000| Untracked 
|   5|0x00000000fc500000, 0x00000000fc600000, 0x00000000fc600000|100%| O|  |TAMS 0x00000000fc500000, 0x00000000fc500000| Untracked 
|   6|0x00000000fc600000, 0x00000000fc690200, 0x00000000fc700000| 56%| O|  |TAMS 0x00000000fc600000, 0x00000000fc600000| Untracked 
|   7|0x00000000fc700000, 0x00000000fc700000, 0x00000000fc800000|  0%| F|  |TAMS 0x00000000fc700000, 0x00000000fc700000| Untracked 
|   8|0x00000000fc800000, 0x00000000fc800000, 0x00000000fc900000|  0%| F|  |TAMS 0x00000000fc800000, 0x00000000fc800000| Untracked 
|   9|0x00000000fc900000, 0x00000000fc900000, 0x00000000fca00000|  0%| F|  |TAMS 0x00000000fc900000, 0x00000000fc900000| Untracked 
|  10|0x00000000fca00000, 0x00000000fca00000, 0x00000000fcb00000|  0%| F|  |TAMS 0x00000000fca00000, 0x00000000fca00000| Untracked 
|  11|0x00000000fcb00000, 0x00000000fcb00000, 0x00000000fcc00000|  0%| F|  |TAMS 0x00000000fcb00000, 0x00000000fcb00000| Untracked 
|  12|0x00000000fcc00000, 0x00000000fcc00000, 0x00000000fcd00000|  0%| F|  |TAMS 0x00000000fcc00000, 0x00000000fcc00000| Untracked 
|  13|0x00000000fcd00000, 0x00000000fcd00000, 0x00000000fce00000|  0%| F|  |TAMS 0x00000000fcd00000, 0x00000000fcd00000| Untracked 
|  14|0x00000000fce00000, 0x00000000fce00000, 0x00000000fcf00000|  0%| F|  |TAMS 0x00000000fce00000, 0x00000000fce00000| Untracked 
|  15|0x00000000fcf00000, 0x00000000fcf00000, 0x00000000fd000000|  0%| F|  |TAMS 0x00000000fcf00000, 0x00000000fcf00000| Untracked 
|  16|0x00000000fd000000, 0x00000000fd000000, 0x00000000fd100000|  0%| F|  |TAMS 0x00000000fd000000, 0x00000000fd000000| Untracked 
|  17|0x00000000fd100000, 0x00000000fd100000, 0x00000000fd200000|  0%| F|  |TAMS 0x00000000fd100000, 0x00000000fd100000| Untracked 
|  18|0x00000000fd200000, 0x00000000fd200000, 0x00000000fd300000|  0%| F|  |TAMS 0x00000000fd200000, 0x00000000fd200000| Untracked 
|  19|0x00000000fd300000, 0x00000000fd300000, 0x00000000fd400000|  0%| F|  |TAMS 0x00000000fd300000, 0x00000000fd300000| Untracked 
|  20|0x00000000fd400000, 0x00000000fd400000, 0x00000000fd500000|  0%| F|  |TAMS 0x00000000fd400000, 0x00000000fd400000| Untracked 
|  21|0x00000000fd500000, 0x00000000fd500000, 0x00000000fd600000|  0%| F|  |TAMS 0x00000000fd500000, 0x00000000fd500000| Untracked 
|  22|0x00000000fd600000, 0x00000000fd600000, 0x00000000fd700000|  0%| F|  |TAMS 0x00000000fd600000, 0x00000000fd600000| Untracked 
|  23|0x00000000fd700000, 0x00000000fd700000, 0x00000000fd800000|  0%| F|  |TAMS 0x00000000fd700000, 0x00000000fd700000| Untracked 
|  24|0x00000000fd800000, 0x00000000fd800000, 0x00000000fd900000|  0%| F|  |TAMS 0x00000000fd800000, 0x00000000fd800000| Untracked 
|  25|0x00000000fd900000, 0x00000000fd900000, 0x00000000fda00000|  0%| F|  |TAMS 0x00000000fd900000, 0x00000000fd900000| Untracked 
|  26|0x00000000fda00000, 0x00000000fda00000, 0x00000000fdb00000|  0%| F|  |TAMS 0x00000000fda00000, 0x00000000fda00000| Untracked 
|  27|0x00000000fdb00000, 0x00000000fdb00000, 0x00000000fdc00000|  0%| F|  |TAMS 0x00000000fdb00000, 0x00000000fdb00000| Untracked 
|  28|0x00000000fdc00000, 0x00000000fdd00000, 0x00000000fdd00000|100%| S|CS|TAMS 0x00000000fdc00000, 0x00000000fdc00000| Complete 
|  29|0x00000000fdd00000, 0x00000000fde00000, 0x00000000fde00000|100%| S|CS|TAMS 0x00000000fdd00000, 0x00000000fdd00000| Complete 
|  30|0x00000000fde00000, 0x00000000fdf00000, 0x00000000fdf00000|100%| S|CS|TAMS 0x00000000fde00000, 0x00000000fde00000| Complete 
|  31|0x00000000fdf00000, 0x00000000fe000000, 0x00000000fe000000|100%| S|CS|TAMS 0x00000000fdf00000, 0x00000000fdf00000| Complete 
|  32|0x00000000fe000000, 0x00000000fe000000, 0x00000000fe100000|  0%| F|  |TAMS 0x00000000fe000000, 0x00000000fe000000| Untracked 
|  33|0x00000000fe100000, 0x00000000fe100000, 0x00000000fe200000|  0%| F|  |TAMS 0x00000000fe100000, 0x00000000fe100000| Untracked 
|  34|0x00000000fe200000, 0x00000000fe200000, 0x00000000fe300000|  0%| F|  |TAMS 0x00000000fe200000, 0x00000000fe200000| Untracked 
|  35|0x00000000fe300000, 0x00000000fe300000, 0x00000000fe400000|  0%| F|  |TAMS 0x00000000fe300000, 0x00000000fe300000| Untracked 
|  36|0x00000000fe400000, 0x00000000fe400000, 0x00000000fe500000|  0%| F|  |TAMS 0x00000000fe400000, 0x00000000fe400000| Untracked 
|  37|0x00000000fe500000, 0x00000000fe500000, 0x00000000fe600000|  0%| F|  |TAMS 0x00000000fe500000, 0x00000000fe500000| Untracked 
|  38|0x00000000fe600000, 0x00000000fe600000, 0x00000000fe700000|  0%| F|  |TAMS 0x00000000fe600000, 0x00000000fe600000| Untracked 
|  39|0x00000000fe700000, 0x00000000fe700000, 0x00000000fe800000|  0%| F|  |TAMS 0x00000000fe700000, 0x00000000fe700000| Untracked 
|  40|0x00000000fe800000, 0x00000000fe800000, 0x00000000fe900000|  0%| F|  |TAMS 0x00000000fe800000, 0x00000000fe800000| Untracked 
|  41|0x00000000fe900000, 0x00000000fe900000, 0x00000000fea00000|  0%| F|  |TAMS 0x00000000fe900000, 0x00000000fe900000| Untracked 
|  42|0x00000000fea00000, 0x00000000fea00000, 0x00000000feb00000|  0%| F|  |TAMS 0x00000000fea00000, 0x00000000fea00000| Untracked 
|  43|0x00000000feb00000, 0x00000000feb00000, 0x00000000fec00000|  0%| F|  |TAMS 0x00000000feb00000, 0x00000000feb00000| Untracked 
|  44|0x00000000fec00000, 0x00000000fec00000, 0x00000000fed00000|  0%| F|  |TAMS 0x00000000fec00000, 0x00000000fec00000| Untracked 
|  45|0x00000000fed00000, 0x00000000fed00000, 0x00000000fee00000|  0%| F|  |TAMS 0x00000000fed00000, 0x00000000fed00000| Untracked 
|  46|0x00000000fee00000, 0x00000000fee8fcc8, 0x00000000fef00000| 56%| E|  |TAMS 0x00000000fee00000, 0x00000000fee00000| Complete 
|  47|0x00000000fef00000, 0x00000000ff000000, 0x00000000ff000000|100%| E|CS|TAMS 0x00000000fef00000, 0x00000000fef00000| Complete 
|  48|0x00000000ff000000, 0x00000000ff100000, 0x00000000ff100000|100%| E|CS|TAMS 0x00000000ff000000, 0x00000000ff000000| Complete 
|  49|0x00000000ff100000, 0x00000000ff200000, 0x00000000ff200000|100%| E|CS|TAMS 0x00000000ff100000, 0x00000000ff100000| Complete 
|  50|0x00000000ff200000, 0x00000000ff300000, 0x00000000ff300000|100%| E|CS|TAMS 0x00000000ff200000, 0x00000000ff200000| Complete 
|  51|0x00000000ff300000, 0x00000000ff400000, 0x00000000ff400000|100%| E|CS|TAMS 0x00000000ff300000, 0x00000000ff300000| Complete 
|  52|0x00000000ff400000, 0x00000000ff500000, 0x00000000ff500000|100%| E|CS|TAMS 0x00000000ff400000, 0x00000000ff400000| Complete 
|  53|0x00000000ff500000, 0x00000000ff600000, 0x00000000ff600000|100%| E|CS|TAMS 0x00000000ff500000, 0x00000000ff500000| Complete 
|  54|0x00000000ff600000, 0x00000000ff700000, 0x00000000ff700000|100%| E|CS|TAMS 0x00000000ff600000, 0x00000000ff600000| Complete 
|  55|0x00000000ff700000, 0x00000000ff800000, 0x00000000ff800000|100%| E|CS|TAMS 0x00000000ff700000, 0x00000000ff700000| Complete 
|  56|0x00000000ff800000, 0x00000000ff900000, 0x00000000ff900000|100%| E|CS|TAMS 0x00000000ff800000, 0x00000000ff800000| Complete 
|  57|0x00000000ff900000, 0x00000000ffa00000, 0x00000000ffa00000|100%| E|CS|TAMS 0x00000000ff900000, 0x00000000ff900000| Complete 
|  58|0x00000000ffa00000, 0x00000000ffb00000, 0x00000000ffb00000|100%| E|CS|TAMS 0x00000000ffa00000, 0x00000000ffa00000| Complete 
|  59|0x00000000ffb00000, 0x00000000ffc00000, 0x00000000ffc00000|100%| E|CS|TAMS 0x00000000ffb00000, 0x00000000ffb00000| Complete 
|  60|0x00000000ffc00000, 0x00000000ffd00000, 0x00000000ffd00000|100%| E|CS|TAMS 0x00000000ffc00000, 0x00000000ffc00000| Complete 
|  61|0x00000000ffd00000, 0x00000000ffe00000, 0x00000000ffe00000|100%| E|CS|TAMS 0x00000000ffd00000, 0x00000000ffd00000| Complete 
|  62|0x00000000ffe00000, 0x00000000fff00000, 0x00000000fff00000|100%| E|CS|TAMS 0x00000000ffe00000, 0x00000000ffe00000| Complete 
|  63|0x00000000fff00000, 0x0000000100000000, 0x0000000100000000|100%| E|CS|TAMS 0x00000000fff00000, 0x00000000fff00000| Complete 

Card table byte_map: [0x000002168dc00000,0x000002168dc20000] _byte_map_base: 0x000002168d420000

Marking Bits (Prev, Next): (CMBitMap*) 0x000002168fc67090, (CMBitMap*) 0x000002168fc670d0
 Prev Bits: [0x00000216a6ad0000, 0x00000216a6bd0000)
 Next Bits: [0x00000216a6bd0000, 0x00000216a6cd0000)

Polling page: 0x000002168db90000

Metaspace:

Usage:
  Non-class:      8.17 MB used.
      Class:      1.22 MB used.
       Both:      9.39 MB used.

Virtual space:
  Non-class space:       64.00 MB reserved,       8.31 MB ( 13%) committed,  1 nodes.
      Class space:        1.00 GB reserved,       1.31 MB ( <1%) committed,  1 nodes.
             Both:        1.06 GB reserved,       9.62 MB ( <1%) committed. 

Chunk freelists:
   Non-Class:  7.66 MB
       Class:  14.52 MB
        Both:  22.17 MB

MaxMetaspaceSize: unlimited
CompressedClassSpaceSize: 1.00 GB
Initial GC threshold: 21.00 MB
Current GC threshold: 21.00 MB
CDS: on
MetaspaceReclaimPolicy: balanced
 - commit_granule_bytes: 65536.
 - commit_granule_words: 8192.
 - virtual_space_node_default_size: 8388608.
 - enlarge_chunks_in_place: 1.
 - new_chunks_are_fully_committed: 0.
 - uncommit_free_chunks: 1.
 - use_allocation_guard: 0.
 - handle_deallocations: 1.


Internal statistics:

num_allocs_failed_limit: 0.
num_arena_births: 72.
num_arena_deaths: 0.
num_vsnodes_births: 2.
num_vsnodes_deaths: 0.
num_space_committed: 154.
num_space_uncommitted: 0.
num_chunks_returned_to_freelist: 0.
num_chunks_taken_from_freelist: 329.
num_chunk_merges: 0.
num_chunk_splits: 214.
num_chunks_enlarged: 182.
num_inconsistent_stats: 0.

CodeHeap 'non-profiled nmethods': size=120000Kb used=1107Kb max_used=1107Kb free=118892Kb
 bounds [0x000002169f270000, 0x000002169f4e0000, 0x00000216a67a0000]
CodeHeap 'profiled nmethods': size=120000Kb used=3714Kb max_used=3714Kb free=116285Kb
 bounds [0x00000216977a0000, 0x0000021697b50000, 0x000002169ecd0000]
CodeHeap 'non-nmethods': size=5760Kb used=1173Kb max_used=1242Kb free=4586Kb
 bounds [0x000002169ecd0000, 0x000002169ef40000, 0x000002169f270000]
 total_blobs=2516 nmethods=2050 adapters=378
 compilation: enabled
              stopped_count=0, restarted_count=0
 full_count=0

Compilation events (20 events):
Event: 657.041 Thread 0x00000216a96c0710 nmethod 2042 0x000002169f382b90 code [0x000002169f382d40, 0x000002169f382f28]
Event: 657.041 Thread 0x00000216a96c0710 2043       4       java.util.concurrent.ScheduledThreadPoolExecutor$DelayedWorkQueue::take (5 bytes)
Event: 657.042 Thread 0x00000216a96c0710 nmethod 2043 0x000002169f383190 code [0x000002169f383320, 0x000002169f3833c8]
Event: 661.316 Thread 0x00000216a96c0710 2046       4       java.lang.AbstractStringBuilder::putStringAt (12 bytes)
Event: 661.545 Thread 0x00000216a96c0710 nmethod 2046 0x000002169f383490 code [0x000002169f383620, 0x000002169f383828]
Event: 663.526 Thread 0x00000216a96c0710 2047       4       java.util.ArrayDeque::pollFirst (36 bytes)
Event: 663.536 Thread 0x00000216a96c0710 nmethod 2047 0x000002169f383a10 code [0x000002169f383ba0, 0x000002169f383cb8]
Event: 664.587 Thread 0x00000216a96c11c0 2048       3       org.gradle.internal.logging.console.ProgressOperation::<init> (26 bytes)
Event: 664.852 Thread 0x00000216a96c11c0 nmethod 2048 0x0000021697b3de90 code [0x0000021697b3e040, 0x0000021697b3e318]
Event: 665.887 Thread 0x00000216a96c11c0 2049       3       org.gradle.internal.logging.console.ProgressOperation::addChild (29 bytes)
Event: 666.433 Thread 0x00000216a96c11c0 nmethod 2049 0x0000021697b3e410 code [0x0000021697b3e600, 0x0000021697b3ec28]
Event: 667.184 Thread 0x00000216a96c0710 2050       4       java.util.HashMap::afterNodeRemoval (1 bytes)
Event: 667.184 Thread 0x00000216a96c0710 nmethod 2050 0x000002169f383d90 code [0x000002169f383f00, 0x000002169f383f78]
Event: 686.434 Thread 0x00000216a96c0710 2051       4       java.lang.AbstractStringBuilder::append (45 bytes)
Event: 686.516 Thread 0x00000216a96c0710 nmethod 2051 0x000002169f384090 code [0x000002169f384240, 0x000002169f3849a8]
Event: 689.895 Thread 0x00000216a96c11c0 2052       3       com.google.common.collect.Lists$ReverseList::reversePosition (15 bytes)
Event: 690.114 Thread 0x00000216a96c11c0 nmethod 2052 0x0000021697b3ee10 code [0x0000021697b3efe0, 0x0000021697b3f338]
Event: 697.995 Thread 0x00000216a96c11c0 2057       3       org.gradle.internal.logging.console.ProgressOperation::removeChild (43 bytes)
Event: 698.280 Thread 0x00000216a96c11c0 nmethod 2057 0x0000021697b3f490 code [0x0000021697b3f720, 0x0000021697b404c8]
Event: 721.905 Thread 0x00000216a96c0710 2058   !   4       java.util.concurrent.ConcurrentHashMap::transfer (849 bytes)

GC Heap History (4 events):
Event: 0.492 GC heap before
{Heap before GC invocations=0 (full 0):
 garbage-first heap   total 65536K, used 22528K [0x00000000fc000000, 0x0000000100000000)
  region size 1024K, 23 young (23552K), 0 survivors (0K)
 Metaspace       used 1776K, committed 1920K, reserved 1114112K
  class space    used 162K, committed 192K, reserved 1048576K
}
Event: 0.496 GC heap after
{Heap after GC invocations=1 (full 0):
 garbage-first heap   total 65536K, used 2048K [0x00000000fc000000, 0x0000000100000000)
  region size 1024K, 2 young (2048K), 2 survivors (2048K)
 Metaspace       used 1776K, committed 1920K, reserved 1114112K
  class space    used 162K, committed 192K, reserved 1048576K
}
Event: 1.762 GC heap before
{Heap before GC invocations=1 (full 0):
 garbage-first heap   total 65536K, used 34816K [0x00000000fc000000, 0x0000000100000000)
  region size 1024K, 32 young (32768K), 2 survivors (2048K)
 Metaspace       used 7945K, committed 8192K, reserved 1114112K
  class space    used 1080K, committed 1216K, reserved 1048576K
}
Event: 1.768 GC heap after
{Heap after GC invocations=2 (full 0):
 garbage-first heap   total 65536K, used 10816K [0x00000000fc000000, 0x0000000100000000)
  region size 1024K, 4 young (4096K), 4 survivors (4096K)
 Metaspace       used 7945K, committed 8192K, reserved 1114112K
  class space    used 1080K, committed 1216K, reserved 1048576K
}

Dll operation events (13 events):
Event: 0.011 Loaded shared library C:\Program Files\Eclipse Adoptium\jdk-17.0.16.8-hotspot\bin\java.dll
Event: 0.030 Loaded shared library C:\Program Files\Eclipse Adoptium\jdk-17.0.16.8-hotspot\bin\jsvml.dll
Event: 0.062 Loaded shared library C:\Program Files\Eclipse Adoptium\jdk-17.0.16.8-hotspot\bin\net.dll
Event: 0.063 Loaded shared library C:\Program Files\Eclipse Adoptium\jdk-17.0.16.8-hotspot\bin\nio.dll
Event: 0.067 Loaded shared library C:\Program Files\Eclipse Adoptium\jdk-17.0.16.8-hotspot\bin\zip.dll
Event: 0.446 Loaded shared library C:\Program Files\Eclipse Adoptium\jdk-17.0.16.8-hotspot\bin\jimage.dll
Event: 0.937 Loaded shared library C:\Program Files\Eclipse Adoptium\jdk-17.0.16.8-hotspot\bin\management.dll
Event: 0.940 Loaded shared library C:\Program Files\Eclipse Adoptium\jdk-17.0.16.8-hotspot\bin\management_ext.dll
Event: 0.983 Loaded shared library C:\Program Files\Eclipse Adoptium\jdk-17.0.16.8-hotspot\bin\verify.dll
Event: 0.992 Loaded shared library C:\Users\dell\.gradle\native\1def1411415f61bf3af743bc5b6707747c0891f09f0c88961ee8f79bc544acac\windows-amd64\native-platform.dll
Event: 1.048 Loaded shared library C:\Users\dell\.gradle\native\jansi\1.18\windows64\jansi.dll
Event: 1.490 Loaded shared library C:\Program Files\Eclipse Adoptium\jdk-17.0.16.8-hotspot\bin\extnet.dll
Event: 1.816 Loaded shared library C:\Program Files\Eclipse Adoptium\jdk-17.0.16.8-hotspot\bin\sunmscapi.dll

Deoptimization events (20 events):
Event: 535.247 Thread 0x000002168fc44670 DEOPT PACKING pc=0x0000021697b1bc72 sp=0x000000ee26bfce50
Event: 535.254 Thread 0x000002168fc44670 DEOPT UNPACKING pc=0x000002169ed27143 sp=0x000000ee26bfc2c0 mode 0
Event: 535.483 Thread 0x000002168fc44670 DEOPT PACKING pc=0x0000021697b1bc72 sp=0x000000ee26bfce50
Event: 535.483 Thread 0x000002168fc44670 DEOPT UNPACKING pc=0x000002169ed27143 sp=0x000000ee26bfc2c0 mode 0
Event: 536.183 Thread 0x00000216efc2b1d0 DEOPT PACKING pc=0x0000021697ac5df7 sp=0x000000ee283fe620
Event: 536.183 Thread 0x00000216efc2b1d0 DEOPT UNPACKING pc=0x000002169ed27143 sp=0x000000ee283fda90 mode 0
Event: 556.364 Thread 0x000002168fc44670 DEOPT PACKING pc=0x0000021697a28f55 sp=0x000000ee26bfcee0
Event: 556.364 Thread 0x000002168fc44670 DEOPT UNPACKING pc=0x000002169ed27143 sp=0x000000ee26bfc378 mode 0
Event: 568.735 Thread 0x000002168fc44670 DEOPT PACKING pc=0x0000021697b1bc72 sp=0x000000ee26bfcdc0
Event: 568.735 Thread 0x000002168fc44670 DEOPT UNPACKING pc=0x000002169ed27143 sp=0x000000ee26bfc230 mode 0
Event: 579.404 Thread 0x000002168fc44670 DEOPT PACKING pc=0x0000021697b1bc72 sp=0x000000ee26bfcdc0
Event: 579.406 Thread 0x000002168fc44670 DEOPT UNPACKING pc=0x000002169ed27143 sp=0x000000ee26bfc230 mode 0
Event: 581.337 Thread 0x000002168fc44670 DEOPT PACKING pc=0x0000021697b1bc72 sp=0x000000ee26bfcdc0
Event: 581.337 Thread 0x000002168fc44670 DEOPT UNPACKING pc=0x000002169ed27143 sp=0x000000ee26bfc230 mode 0
Event: 582.778 Thread 0x000002168fc44670 DEOPT PACKING pc=0x0000021697b1bc72 sp=0x000000ee26bfcdc0
Event: 582.778 Thread 0x000002168fc44670 DEOPT UNPACKING pc=0x000002169ed27143 sp=0x000000ee26bfc230 mode 0
Event: 721.113 Thread 0x000002168fc44670 Uncommon trap: trap_request=0xffffff45 fr.pc=0x000002169f37e124 relative=0x0000000000000524
Event: 721.113 Thread 0x000002168fc44670 Uncommon trap: reason=unstable_if action=reinterpret pc=0x000002169f37e124 method=com.esotericsoftware.kryo.io.Input.require(I)I @ 180 c2
Event: 721.122 Thread 0x000002168fc44670 DEOPT PACKING pc=0x000002169f37e124 sp=0x000000ee26bfd2f0
Event: 721.130 Thread 0x000002168fc44670 DEOPT UNPACKING pc=0x000002169ed269a3 sp=0x000000ee26bfd158 mode 2

Classes loaded (20 events):
Event: 6.346 Loading class jdk/internal/logger/LoggerFinderLoader
Event: 6.346 Loading class jdk/internal/logger/LoggerFinderLoader done
Event: 6.347 Loading class jdk/internal/logger/LoggerFinderLoader$TemporaryLoggerFinder
Event: 6.347 Loading class jdk/internal/logger/LoggerFinderLoader$TemporaryLoggerFinder done
Event: 6.347 Loading class sun/util/logging/internal/LoggingProviderImpl$JULWrapper
Event: 6.347 Loading class sun/util/logging/PlatformLogger$ConfigurableBridge$LoggerConfiguration
Event: 6.348 Loading class sun/util/logging/PlatformLogger$ConfigurableBridge$LoggerConfiguration done
Event: 6.348 Loading class sun/util/logging/internal/LoggingProviderImpl$JULWrapper done
Event: 6.348 Loading class java/io/ObjectInputFilter
Event: 6.349 Loading class java/io/ObjectInputFilter done
Event: 6.350 Loading class java/io/ObjectInputFilter$Config$BuiltinFilterFactory
Event: 6.350 Loading class java/io/ObjectInputFilter$Config$BuiltinFilterFactory done
Event: 6.350 Loading class jdk/internal/access/JavaObjectInputFilterAccess
Event: 6.350 Loading class jdk/internal/access/JavaObjectInputFilterAccess done
Event: 6.351 Loading class java/lang/System$Logger$Level
Event: 6.351 Loading class java/lang/System$Logger$Level done
Event: 6.351 Loading class java/io/Bits
Event: 6.351 Loading class java/io/Bits done
Event: 719.757 Loading class sun/net/ConnectionResetException
Event: 720.203 Loading class sun/net/ConnectionResetException done

Classes unloaded (0 events):
No events

Classes redefined (0 events):
No events

Internal exceptions (19 events):
Event: 0.156 Thread 0x000002168fc44670 Exception <a 'java/lang/NoSuchMethodError'{0x00000000ffdf8a28}: 'int java.lang.invoke.DirectMethodHandle$Holder.invokeStaticInit(java.lang.Object, java.lang.Object)'> (0x00000000ffdf8a28) 
thrown [s\src\hotspot\share\interpreter\linkResolver.cpp, line 759]
Event: 0.824 Thread 0x000002168fc44670 Exception <a 'java/lang/NoSuchMethodError'{0x00000000ff5b40f8}: 'int java.lang.invoke.DirectMethodHandle$Holder.invokeStatic(java.lang.Object, java.lang.Object, int)'> (0x00000000ff5b40f8) 
thrown [s\src\hotspot\share\interpreter\linkResolver.cpp, line 759]
Event: 0.935 Thread 0x000002168fc44670 Exception <a 'java/lang/NoSuchMethodError'{0x00000000ff158fd0}: 'java.lang.Object java.lang.invoke.DirectMethodHandle$Holder.invokeStaticInit(java.lang.Object)'> (0x00000000ff158fd0) 
thrown [s\src\hotspot\share\interpreter\linkResolver.cpp, line 759]
Event: 0.948 Thread 0x000002168fc44670 Exception <a 'java/lang/NoSuchMethodError'{0x00000000ff173d00}: 'int java.lang.invoke.DirectMethodHandle$Holder.invokeSpecial(java.lang.Object, java.lang.Object, java.lang.Object)'> (0x00000000ff173d00) 
thrown [s\src\hotspot\share\interpreter\linkResolver.cpp, line 759]
Event: 0.955 Thread 0x000002168fc44670 Exception <a 'java/lang/NoSuchMethodError'{0x00000000ff1b0de0}: 'void java.lang.invoke.DirectMethodHandle$Holder.invokeStatic(java.lang.Object, java.lang.Object)'> (0x00000000ff1b0de0) 
thrown [s\src\hotspot\share\interpreter\linkResolver.cpp, line 759]
Event: 0.957 Thread 0x000002168fc44670 Implicit null exception at 0x000002169f2d668f to 0x000002169f2d6bfc
Event: 1.001 Thread 0x000002168fc44670 Exception <a 'java/lang/NoSuchMethodError'{0x00000000fef5e5b8}: 'java.lang.Object java.lang.invoke.Invokers$Holder.invoker(java.lang.Object, java.lang.Object, java.lang.Object)'> (0x00000000fef5e5b8) 
thrown [s\src\hotspot\share\interpreter\linkResolver.cpp, line 759]
Event: 1.003 Thread 0x000002168fc44670 Exception <a 'java/lang/NoSuchMethodError'{0x00000000fef67710}: 'java.lang.Object java.lang.invoke.DirectMethodHandle$Holder.invokeStatic(java.lang.Object, java.lang.Object, int)'> (0x00000000fef67710) 
thrown [s\src\hotspot\share\interpreter\linkResolver.cpp, line 759]
Event: 1.005 Thread 0x000002168fc44670 Exception <a 'java/lang/NoSuchMethodError'{0x00000000fef73400}: 'void java.lang.invoke.DelegatingMethodHandle$Holder.delegate(java.lang.Object, java.lang.Object, int, java.lang.Object)'> (0x00000000fef73400) 
thrown [s\src\hotspot\share\interpreter\linkResolver.cpp, line 759]
Event: 1.009 Thread 0x000002168fc44670 Exception <a 'java/lang/NoSuchMethodError'{0x00000000fef86c88}: 'java.lang.Object java.lang.invoke.Invokers$Holder.invokeExact_MT(java.lang.Object, java.lang.Object, java.lang.Object, java.lang.Object)'> (0x00000000fef86c88) 
thrown [s\src\hotspot\share\interpreter\linkResolver.cpp, line 759]
Event: 1.017 Thread 0x000002168fc44670 Exception <a 'java/lang/NoSuchMethodError'{0x00000000fefb49e8}: 'java.lang.Object java.lang.invoke.DirectMethodHandle$Holder.invokeVirtual(java.lang.Object, java.lang.Object, java.lang.Object)'> (0x00000000fefb49e8) 
thrown [s\src\hotspot\share\interpreter\linkResolver.cpp, line 759]
Event: 1.142 Thread 0x000002168fc44670 Exception <a 'java/lang/NoSuchMethodError'{0x00000000feb91f80}: 'java.lang.Object java.lang.invoke.DirectMethodHandle$Holder.newInvokeSpecial(java.lang.Object, java.lang.Object, java.lang.Object, java.lang.Object, java.lang.Object)'> (0x00000000feb91f80) 
thrown [s\src\hotspot\share\interpreter\linkResolver.cpp, line 759]
Event: 1.172 Thread 0x000002168fc44670 Exception <a 'java/lang/NoSuchMethodError'{0x00000000feac5968}: 'void java.lang.invoke.DirectMethodHandle$Holder.invokeSpecial(java.lang.Object, java.lang.Object, java.lang.Object)'> (0x00000000feac5968) 
thrown [s\src\hotspot\share\interpreter\linkResolver.cpp, line 759]
Event: 1.175 Thread 0x000002168fc44670 Implicit null exception at 0x000002169f2bbf8f to 0x000002169f2bc518
Event: 1.494 Thread 0x000002168fc44670 Exception <a 'java/lang/NoSuchMethodError'{0x00000000fe573610}: 'void java.lang.invoke.DirectMethodHandle$Holder.invokeStatic(java.lang.Object, java.lang.Object, java.lang.Object)'> (0x00000000fe573610) 
thrown [s\src\hotspot\share\interpreter\linkResolver.cpp, line 759]
Event: 1.609 Thread 0x000002168fc44670 Exception <a 'java/lang/NoSuchMethodError'{0x00000000fe051c30}: 'java.lang.Object java.lang.invoke.DirectMethodHandle$Holder.invokeStaticInit(java.lang.Object, int, int, int, int)'> (0x00000000fe051c30) 
thrown [s\src\hotspot\share\interpreter\linkResolver.cpp, line 759]
Event: 1.749 Thread 0x000002168fc44670 Exception <a 'java/lang/NoSuchMethodError'{0x00000000fe087ce8}: 'java.lang.Object java.lang.invoke.DirectMethodHandle$Holder.invokeStaticInit(java.lang.Object, java.lang.Object, int, int, int, int)'> (0x00000000fe087ce8) 
thrown [s\src\hotspot\share\interpreter\linkResolver.cpp, line 759]
Event: 1.778 Thread 0x000002168fc44670 Implicit null exception at 0x000002169f2b9b72 to 0x000002169f2ba18c
Event: 720.863 Thread 0x000002168fc44670 Exception <a 'sun/net/ConnectionResetException'{0x00000000ff2668e0}: Connection reset> (0x00000000ff2668e0) 
thrown [s\src\hotspot\share\prims\jni.cpp, line 535]

VM Operations (20 events):
Event: 544.266 Executing VM operation: Cleanup
Event: 544.266 Executing VM operation: Cleanup done
Event: 556.374 Executing VM operation: Cleanup
Event: 556.374 Executing VM operation: Cleanup done
Event: 573.516 Executing VM operation: Cleanup
Event: 573.516 Executing VM operation: Cleanup done
Event: 582.522 Executing VM operation: Cleanup
Event: 582.522 Executing VM operation: Cleanup done
Event: 583.523 Executing VM operation: Cleanup
Event: 583.523 Executing VM operation: Cleanup done
Event: 584.532 Executing VM operation: Cleanup
Event: 584.532 Executing VM operation: Cleanup done
Event: 661.488 Executing VM operation: HandshakeAllThreads
Event: 661.502 Executing VM operation: HandshakeAllThreads done
Event: 664.540 Executing VM operation: Cleanup
Event: 664.551 Executing VM operation: Cleanup done
Event: 721.514 Executing VM operation: HandshakeAllThreads
Event: 721.592 Executing VM operation: HandshakeAllThreads done
Event: 721.592 Executing VM operation: Cleanup
Event: 721.655 Executing VM operation: Cleanup done

Memory protections (0 events):
No events

Nmethod flushes (0 events):
No events

Events (19 events):
Event: 0.030 Thread 0x000002168fc44670 Thread added: 0x000002168fc44670
Event: 0.033 Thread 0x000002168fc44670 Thread added: 0x00000216a969dae0
Event: 0.033 Thread 0x000002168fc44670 Thread added: 0x00000216a969e6a0
Event: 0.042 Thread 0x000002168fc44670 Thread added: 0x00000216a96b7ca0
Event: 0.042 Thread 0x000002168fc44670 Thread added: 0x00000216a96ba670
Event: 0.042 Thread 0x000002168fc44670 Thread added: 0x00000216a96bc040
Event: 0.042 Thread 0x000002168fc44670 Thread added: 0x00000216a96bca00
Event: 0.042 Thread 0x000002168fc44670 Thread added: 0x00000216a96c0710
Event: 0.042 Thread 0x000002168fc44670 Thread added: 0x00000216a96c11c0
Event: 0.043 Thread 0x000002168fc44670 Thread added: 0x00000216a96c1bc0
Event: 0.058 Thread 0x000002168fc44670 Thread added: 0x00000216a991dfd0
Event: 0.059 Thread 0x000002168fc44670 Thread added: 0x00000216a9924380
Event: 0.256 Thread 0x00000216a96c11c0 Thread added: 0x00000216a9aa7f40
Event: 0.441 Thread 0x00000216a96c11c0 Thread added: 0x00000216a9b23c90
Event: 1.080 Thread 0x000002168fc44670 Thread added: 0x00000216efc2b1d0
Event: 1.608 Thread 0x00000216a9b23c90 Thread exited: 0x00000216a9b23c90
Event: 1.745 Thread 0x00000216a9aa7f40 Thread exited: 0x00000216a9aa7f40
Event: 1.839 Thread 0x00000216a96c11c0 Thread added: 0x00000216efc2ac70
Event: 1.975 Thread 0x00000216efc2ac70 Thread exited: 0x00000216efc2ac70


Dynamic libraries:
0x00007ff7dbd50000 - 0x00007ff7dbd5e000 	C:\Program Files\Eclipse Adoptium\jdk-17.0.16.8-hotspot\bin\java.exe
0x00007ffeca3e0000 - 0x00007ffeca648000 	C:\WINDOWS\SYSTEM32\ntdll.dll
0x00007ffec9ed0000 - 0x00007ffec9f99000 	C:\WINDOWS\System32\KERNEL32.DLL
0x00007ffec77a0000 - 0x00007ffec7b91000 	C:\WINDOWS\System32\KERNELBASE.dll
0x00007ffec7e50000 - 0x00007ffec7f9b000 	C:\WINDOWS\System32\ucrtbase.dll
0x00007ffebbcf0000 - 0x00007ffebbd07000 	C:\Program Files\Eclipse Adoptium\jdk-17.0.16.8-hotspot\bin\jli.dll
0x00007ffeb2860000 - 0x00007ffeb287e000 	C:\Program Files\Eclipse Adoptium\jdk-17.0.16.8-hotspot\bin\VCRUNTIME140.dll
0x00007ffec8a50000 - 0x00007ffec8c16000 	C:\WINDOWS\System32\USER32.dll
0x00007ffeb1450000 - 0x00007ffeb16e3000 	C:\WINDOWS\WinSxS\amd64_microsoft.windows.common-controls_6595b64144ccf1df_6.0.26100.7824_none_3e0870b2e3345462\COMCTL32.dll
0x00007ffec6cc0000 - 0x00007ffec6ce7000 	C:\WINDOWS\System32\win32u.dll
0x00007ffec8290000 - 0x00007ffec8339000 	C:\WINDOWS\System32\msvcrt.dll
0x00007ffec88a0000 - 0x00007ffec88cb000 	C:\WINDOWS\System32\GDI32.dll
0x00007ffec8050000 - 0x00007ffec817b000 	C:\WINDOWS\System32\gdi32full.dll
0x00007ffec7da0000 - 0x00007ffec7e43000 	C:\WINDOWS\System32\msvcp_win.dll
0x00007ffec9a00000 - 0x00007ffec9a31000 	C:\WINDOWS\System32\IMM32.DLL
0x00007ffebbd40000 - 0x00007ffebbd4c000 	C:\Program Files\Eclipse Adoptium\jdk-17.0.16.8-hotspot\bin\vcruntime140_1.dll
0x00007ffe89620000 - 0x00007ffe896ad000 	C:\Program Files\Eclipse Adoptium\jdk-17.0.16.8-hotspot\bin\msvcp140.dll
0x00007ffe361c0000 - 0x00007ffe36e2b000 	C:\Program Files\Eclipse Adoptium\jdk-17.0.16.8-hotspot\bin\server\jvm.dll
0x00007ffeca040000 - 0x00007ffeca0f4000 	C:\WINDOWS\System32\ADVAPI32.dll
0x00007ffec8c20000 - 0x00007ffec8cc6000 	C:\WINDOWS\System32\sechost.dll
0x00007ffec8340000 - 0x00007ffec8458000 	C:\WINDOWS\System32\RPCRT4.dll
0x00007ffec8460000 - 0x00007ffec84d4000 	C:\WINDOWS\System32\WS2_32.dll
0x00007ffec6b20000 - 0x00007ffec6b7e000 	C:\WINDOWS\SYSTEM32\POWRPROF.dll
0x00007ffeb16f0000 - 0x00007ffeb1725000 	C:\WINDOWS\SYSTEM32\WINMM.dll
0x00007ffebc070000 - 0x00007ffebc07b000 	C:\WINDOWS\SYSTEM32\VERSION.dll
0x00007ffec6b00000 - 0x00007ffec6b14000 	C:\WINDOWS\SYSTEM32\UMPDC.dll
0x00007ffec5a20000 - 0x00007ffec5a3b000 	C:\WINDOWS\SYSTEM32\kernel.appcore.dll
0x00007ffeb2700000 - 0x00007ffeb270a000 	C:\Program Files\Eclipse Adoptium\jdk-17.0.16.8-hotspot\bin\jimage.dll
0x00007ffeb8b60000 - 0x00007ffeb8da2000 	C:\WINDOWS\SYSTEM32\DBGHELP.DLL
0x00007ffec9a40000 - 0x00007ffec9dc6000 	C:\WINDOWS\System32\combase.dll
0x00007ffec9170000 - 0x00007ffec9247000 	C:\WINDOWS\System32\OLEAUT32.dll
0x00007ffeb20c0000 - 0x00007ffeb20fb000 	C:\WINDOWS\SYSTEM32\dbgcore.DLL
0x00007ffec7fa0000 - 0x00007ffec8045000 	C:\WINDOWS\System32\bcryptPrimitives.dll
0x00007ffea0300000 - 0x00007ffea0325000 	C:\Program Files\Eclipse Adoptium\jdk-17.0.16.8-hotspot\bin\java.dll
0x00007ffe64d80000 - 0x00007ffe64e57000 	C:\Program Files\Eclipse Adoptium\jdk-17.0.16.8-hotspot\bin\jsvml.dll
0x00007ffec9250000 - 0x00007ffec99a2000 	C:\WINDOWS\System32\SHELL32.dll
0x00007ffec7ba0000 - 0x00007ffec7d0a000 	C:\WINDOWS\System32\wintypes.dll
0x00007ffec6f30000 - 0x00007ffec7793000 	C:\WINDOWS\System32\windows.storage.dll
0x00007ffeca100000 - 0x00007ffeca1f6000 	C:\WINDOWS\System32\SHCORE.dll
0x00007ffec8210000 - 0x00007ffec8277000 	C:\WINDOWS\System32\shlwapi.dll
0x00007ffec6be0000 - 0x00007ffec6c09000 	C:\WINDOWS\SYSTEM32\profapi.dll
0x00007ffeb2210000 - 0x00007ffeb2229000 	C:\Program Files\Eclipse Adoptium\jdk-17.0.16.8-hotspot\bin\net.dll
0x00007ffebd110000 - 0x00007ffebd237000 	C:\WINDOWS\SYSTEM32\WINHTTP.dll
0x00007ffec5f70000 - 0x00007ffec5fdb000 	C:\WINDOWS\system32\mswsock.dll
0x00007ffeac680000 - 0x00007ffeac696000 	C:\Program Files\Eclipse Adoptium\jdk-17.0.16.8-hotspot\bin\nio.dll
0x00007ffea7fb0000 - 0x00007ffea7fc8000 	C:\Program Files\Eclipse Adoptium\jdk-17.0.16.8-hotspot\bin\zip.dll
0x00007ffeb2660000 - 0x00007ffeb266a000 	C:\Program Files\Eclipse Adoptium\jdk-17.0.16.8-hotspot\bin\management.dll
0x00007ffeb25b0000 - 0x00007ffeb25bb000 	C:\Program Files\Eclipse Adoptium\jdk-17.0.16.8-hotspot\bin\management_ext.dll
0x00007ffec8950000 - 0x00007ffec8958000 	C:\WINDOWS\System32\PSAPI.DLL
0x00007ffea8240000 - 0x00007ffea8250000 	C:\Program Files\Eclipse Adoptium\jdk-17.0.16.8-hotspot\bin\verify.dll
0x00007ffe9f340000 - 0x00007ffe9f367000 	C:\Users\dell\.gradle\native\1def1411415f61bf3af743bc5b6707747c0891f09f0c88961ee8f79bc544acac\windows-amd64\native-platform.dll
0x00007ffebc290000 - 0x00007ffebc29a000 	C:\Users\dell\.gradle\native\jansi\1.18\windows64\jansi.dll
0x00007ffec54d0000 - 0x00007ffec5504000 	C:\WINDOWS\SYSTEM32\IPHLPAPI.DLL
0x00007ffec8280000 - 0x00007ffec828a000 	C:\WINDOWS\System32\NSI.dll
0x00007ffec0a50000 - 0x00007ffec0a6e000 	C:\WINDOWS\SYSTEM32\dhcpcsvc6.DLL
0x00007ffec0ac0000 - 0x00007ffec0ae3000 	C:\WINDOWS\SYSTEM32\dhcpcsvc.DLL
0x00007ffec5510000 - 0x00007ffec563c000 	C:\WINDOWS\SYSTEM32\DNSAPI.dll
0x00007ffea2d00000 - 0x00007ffea2d09000 	C:\Program Files\Eclipse Adoptium\jdk-17.0.16.8-hotspot\bin\extnet.dll
0x00007ffec6360000 - 0x00007ffec637b000 	C:\WINDOWS\SYSTEM32\CRYPTSP.dll
0x00007ffec5980000 - 0x00007ffec59b9000 	C:\WINDOWS\system32\rsaenh.dll
0x00007ffec6020000 - 0x00007ffec604b000 	C:\WINDOWS\SYSTEM32\USERENV.dll
0x00007ffec6bb0000 - 0x00007ffec6bda000 	C:\WINDOWS\SYSTEM32\bcrypt.dll
0x00007ffec61c0000 - 0x00007ffec61cc000 	C:\WINDOWS\SYSTEM32\CRYPTBASE.dll
0x00007ffe9f4e0000 - 0x00007ffe9f4ee000 	C:\Program Files\Eclipse Adoptium\jdk-17.0.16.8-hotspot\bin\sunmscapi.dll
0x00007ffec6db0000 - 0x00007ffec6f27000 	C:\WINDOWS\System32\CRYPT32.dll
0x00007ffec64c0000 - 0x00007ffec64f0000 	C:\WINDOWS\SYSTEM32\ncrypt.dll
0x00007ffec6470000 - 0x00007ffec64af000 	C:\WINDOWS\SYSTEM32\NTASN1.dll
0x00007ffea2b20000 - 0x00007ffea2b28000 	C:\WINDOWS\system32\wshunix.dll

dbghelp: loaded successfully - version: 4.0.5 - missing functions: none
symbol engine: initialized successfully - sym options: 0x614 - pdb path: .;C:\Program Files\Eclipse Adoptium\jdk-17.0.16.8-hotspot\bin;C:\WINDOWS\SYSTEM32;C:\WINDOWS\WinSxS\amd64_microsoft.windows.common-controls_6595b64144ccf1df_6.0.26100.7824_none_3e0870b2e3345462;C:\Program Files\Eclipse Adoptium\jdk-17.0.16.8-hotspot\bin\server;C:\Users\dell\.gradle\native\1def1411415f61bf3af743bc5b6707747c0891f09f0c88961ee8f79bc544acac\windows-amd64;C:\Users\dell\.gradle\native\jansi\1.18\windows64

VM Arguments:
jvm_args: -Xmx64m -Xms64m -Dorg.gradle.appname=gradlew 
java_command: C:\Users\dell\Desktop\SWIPS\samwega-pos-bare\android\\gradle\wrapper\gradle-wrapper.jar assembleRelease
java_class_path (initial): C:\Users\dell\Desktop\SWIPS\samwega-pos-bare\android\\gradle\wrapper\gradle-wrapper.jar
Launcher Type: SUN_STANDARD

[Global flags]
     intx CICompilerCount                          = 4                                         {product} {ergonomic}
     uint ConcGCThreads                            = 2                                         {product} {ergonomic}
     uint G1ConcRefinementThreads                  = 8                                         {product} {ergonomic}
   size_t G1HeapRegionSize                         = 1048576                                   {product} {ergonomic}
    uintx GCDrainStackTargetSize                   = 64                                        {product} {ergonomic}
   size_t InitialHeapSize                          = 67108864                                  {product} {command line}
   size_t MarkStackSize                            = 4194304                                   {product} {ergonomic}
   size_t MaxHeapSize                              = 67108864                                  {product} {command line}
   size_t MaxNewSize                               = 39845888                                  {product} {ergonomic}
   size_t MinHeapDeltaBytes                        = 1048576                                   {product} {ergonomic}
   size_t MinHeapSize                              = 67108864                                  {product} {command line}
    uintx NonNMethodCodeHeapSize                   = 5839372                                {pd product} {ergonomic}
    uintx NonProfiledCodeHeapSize                  = 122909434                              {pd product} {ergonomic}
    uintx ProfiledCodeHeapSize                     = 122909434                              {pd product} {ergonomic}
    uintx ReservedCodeCacheSize                    = 251658240                              {pd product} {ergonomic}
     bool SegmentedCodeCache                       = true                                      {product} {ergonomic}
   size_t SoftMaxHeapSize                          = 67108864                               {manageable} {ergonomic}
     bool UseCompressedClassPointers               = true                           {product lp64_product} {ergonomic}
     bool UseCompressedOops                        = true                           {product lp64_product} {ergonomic}
     bool UseG1GC                                  = true                                      {product} {ergonomic}
     bool UseLargePagesIndividualAllocation        = false                                  {pd product} {ergonomic}

Logging:
Log output configuration:
 #0: stdout all=warning uptime,level,tags
 #1: stderr all=off uptime,level,tags

Environment Variables:
JAVA_HOME=C:\Program Files\Eclipse Adoptium\jdk-17.0.16.8-hotspot\
PATH=C:\Program Files\Eclipse Adoptium\jdk-17.0.16.8-hotspot\bin;C:\WINDOWS\system32;C:\WINDOWS;C:\WINDOWS\System32\Wbem;C:\WINDOWS\System32\WindowsPowerShell\v1.0\;C:\WINDOWS\System32\OpenSSH\;C:\Program Files\nodejs\;C:\Program Files\Git\cmd;C:\Program Files\Gammu 1.42.0\bin;C:\Users\dell\.cargo\bin;C:\Users\dell\AppData\Local\Programs\Python\Python313\Scripts\;C:\Users\dell\AppData\Local\Programs\Python\Python313\;C:\Users\dell\AppData\Local\Programs\Python\Launcher\;C:\Users\dell\AppData\Local\Microsoft\WindowsApps;C:\Users\dell\AppData\Roaming\npm;C:\Users\dell\AppData\Local\Programs\Microsoft VS Code\bin;C:\Users\dell\.cargo\bin;C:\Android\sdk\platform-tools;C:\Users\dell\AppData\Local\Programs\Antigravity\bin
USERNAME=dell
OS=Windows_NT
PROCESSOR_IDENTIFIER=Intel64 Family 6 Model 142 Stepping 12, GenuineIntel
TMP=C:\Users\dell\AppData\Local\Temp
TEMP=C:\Users\dell\AppData\Local\Temp



Periodic native trim disabled


---------------  S Y S T E M  ---------------

OS:
 Windows 11 , 64 bit Build 26100 (10.0.26100.7705)
OS uptime: 10 days 4:20 hours
Hyper-V role detected

CPU: total 8 (initial active 8) (4 cores per cpu, 2 threads per core) family 6 model 142 stepping 12 microcode 0xfc, cx8, cmov, fxsr, ht, mmx, 3dnowpref, sse, sse2, sse3, ssse3, sse4.1, sse4.2, popcnt, lzcnt, tsc, tscinvbit, avx, avx2, aes, erms, clmul, bmi1, bmi2, adx, fma, vzeroupper, clflush, clflushopt, hv
Processor Information for all 8 processors :
  Max Mhz: 1800, Current Mhz: 1600, Mhz Limit: 1584

Memory: 4k page, system-wide physical 8012M (1716M free)
TotalPageFile size 30025M (AvailPageFile size 6M)
current process WorkingSet (physical memory assigned to process): 25M, peak: 112M
current process commit charge ("private bytes"): 168M, peak: 188M

vm_info: OpenJDK 64-Bit Server VM (17.0.16+8) for windows-amd64 JRE (17.0.16+8), built on Jul 16 2025 10:37:56 by "admin" with MS VC++ 17.7 (VS2022)

END.
