#
# There is insufficient memory for the Java Runtime Environment to continue.
# Native memory allocation (mmap) failed to map 132120576 bytes. Error detail: G1 virtual space
# Possible reasons:
#   The system is out of physical RAM or swap space
#   This process is running with CompressedOops enabled, and the Java Heap may be blocking the growth of the native heap
# Possible solutions:
#   Reduce memory load on the system
#   Increase physical memory or swap space
#   Check if swap backing store is full
#   Decrease Java heap size (-Xmx/-Xms)
#   Decrease number of Java threads
#   Decrease Java thread stack sizes (-Xss)
#   Set larger code cache with -XX:ReservedCodeCacheSize=
#   JVM is running with Unscaled Compressed Oops mode in which the Java heap is
#     placed in the first 4GB address space. The Java Heap base address is the
#     maximum limit for the native heap growth. Please use -XX:HeapBaseMinAddress
#     to set the Java Heap base and to place the Java Heap above 4GB virtual address.
# This output file may be truncated or incomplete.
#
#  Out of Memory Error (os_windows.cpp:3618), pid=15040, tid=24060
#
# JRE version:  (17.0.16+8) (build )
# Java VM: OpenJDK 64-Bit Server VM (17.0.16+8, mixed mode, sharing, tiered, compressed oops, compressed class ptrs, g1 gc, windows-amd64)
# No core dump will be written. Minidumps are not enabled by default on client versions of Windows
#

---------------  S U M M A R Y ------------

Command Line: com.google.prefab.cli.AppKt --build-system cmake --platform android --abi arm64-v8a --os-version 24 --stl c++_shared --ndk-version 27 --output C:\\Users\\dell\\AppData\\Local\\Temp\\agp-prefab-staging3943564806765337586\\staged-cli-output C:\\Users\\dell\\.gradle\\caches\\9.0.0\\transforms\\f97a0c8835e876dfb08e8efd6d33fd2f\\transformed\\react-android-0.83.1-debug\\prefab C:\\Users\\dell\\.gradle\\caches\\9.0.0\\transforms\\29919e313b2d3f97cb0d6a9c4fe8034f\\transformed\\hermes-android-0.14.0-debug\\prefab C:\\Users\\dell\\.gradle\\caches\\9.0.0\\transforms\\b85f62a599074afc3b2ec6cfb7884973\\transformed\\fbjni-0.7.0\\prefab

Host: Intel(R) Core(TM) i5-8265U CPU @ 1.60GHz, 8 cores, 7G,  Windows 11 , 64 bit Build 26100 (10.0.26100.7920)
Time: Mon Apr  6 16:32:10 2026 E. Africa Standard Time elapsed time: 0.159435 seconds (0d 0h 0m 0s)

---------------  T H R E A D  ---------------

Current thread (0x000002a8096bbe30):  JavaThread "Unknown thread" [_thread_in_vm, id=24060, stack(0x000000d514800000,0x000000d514900000)]

Stack: [0x000000d514800000,0x000000d514900000]
Native frames: (J=compiled Java code, j=interpreted, Vv=VM code, C=native code)
V  [jvm.dll+0x683169]
V  [jvm.dll+0x839ac8]
V  [jvm.dll+0x83b573]
V  [jvm.dll+0x83bbe3]
V  [jvm.dll+0x2473ff]
V  [jvm.dll+0x67ff49]
V  [jvm.dll+0x674e3a]
V  [jvm.dll+0x304ea6]
V  [jvm.dll+0x30c366]
V  [jvm.dll+0x35deee]
V  [jvm.dll+0x35e12d]
V  [jvm.dll+0x2dc26c]
V  [jvm.dll+0x2dd184]
V  [jvm.dll+0x80ba1b]
V  [jvm.dll+0x36b921]
V  [jvm.dll+0x7ea5df]
V  [jvm.dll+0x3f24fe]
V  [jvm.dll+0x3f4031]
C  [jli.dll+0x5278]
C  [ucrtbase.dll+0x37b0]
C  [KERNEL32.DLL+0x2e8d7]
C  [ntdll.dll+0x8c48c]


---------------  P R O C E S S  ---------------

Threads class SMR info:
_java_thread_list=0x00007ffd256c7f58, length=0, elements={
}

Java Threads: ( => current thread )

Other Threads:
  0x000002a80971a1a0 GCTaskThread "GC Thread#0" [stack: 0x000000d514a00000,0x000000d514b00000] [id=23932]
  0x000002a80972aa80 ConcurrentGCThread "G1 Main Marker" [stack: 0x000000d514b00000,0x000000d514c00000] [id=7328]
  0x000002a80972c080 ConcurrentGCThread "G1 Conc#0" [stack: 0x000000d514c00000,0x000000d514d00000] [id=18256]

[error occurred during error reporting (printing all threads), id 0xc0000005, EXCEPTION_ACCESS_VIOLATION (0xc0000005) at pc=0x00007ffd24e7cd97]

VM state: not at safepoint (not fully initialized)

VM Mutex/Monitor currently owned by a thread:  ([mutex/lock_event])
[0x000002a8095fd3e0] Heap_lock - owner thread: 0x000002a8096bbe30

Heap address: 0x0000000082c00000, size: 2004 MB, Compressed Oops mode: 32-bit

CDS archive(s) mapped at: [0x0000000000000000-0x0000000000000000-0x0000000000000000), size 0, SharedBaseAddress: 0x0000000800000000, ArchiveRelocationMode: 1.
Narrow klass base: 0x0000000000000000, Narrow klass shift: 0, Narrow klass range: 0x0

GC Precious Log:
<Empty>

Heap:
 garbage-first heap   total 0K, used 0K [0x0000000082c00000, 0x0000000100000000)
  region size 1024K, 0 young (0K), 0 survivors (0K)

[error occurred during error reporting (printing heap information), id 0xc0000005, EXCEPTION_ACCESS_VIOLATION (0xc0000005) at pc=0x00007ffd2526c869]

GC Heap History (0 events):
No events

Dll operation events (1 events):
Event: 0.029 Loaded shared library C:\Program Files\Eclipse Adoptium\jdk-17.0.16.8-hotspot\bin\java.dll

Deoptimization events (0 events):
No events

Classes loaded (0 events):
No events

Classes unloaded (0 events):
No events

Classes redefined (0 events):
No events

Internal exceptions (0 events):
No events

VM Operations (0 events):
No events

Memory protections (0 events):
No events

Nmethod flushes (0 events):
No events

Events (0 events):
No events


Dynamic libraries:
0x00007ff6bd1e0000 - 0x00007ff6bd1ee000 	C:\Program Files\Eclipse Adoptium\jdk-17.0.16.8-hotspot\bin\java.exe
0x00007ffdf2ac0000 - 0x00007ffdf2d27000 	C:\WINDOWS\SYSTEM32\ntdll.dll
0x00007ffdf1ed0000 - 0x00007ffdf1f99000 	C:\WINDOWS\System32\KERNEL32.DLL
0x00007ffdf0460000 - 0x00007ffdf0851000 	C:\WINDOWS\System32\KERNELBASE.dll
0x00007ffdef6d0000 - 0x00007ffdef81b000 	C:\WINDOWS\System32\ucrtbase.dll
0x00007ffdd0160000 - 0x00007ffdd0177000 	C:\Program Files\Eclipse Adoptium\jdk-17.0.16.8-hotspot\bin\jli.dll
0x00007ffdf0ad0000 - 0x00007ffdf0c95000 	C:\WINDOWS\System32\USER32.dll
0x00007ffdf0430000 - 0x00007ffdf0457000 	C:\WINDOWS\System32\win32u.dll
0x00007ffdf27b0000 - 0x00007ffdf27db000 	C:\WINDOWS\System32\GDI32.dll
0x00007ffdef5a0000 - 0x00007ffdef6cb000 	C:\WINDOWS\System32\gdi32full.dll
0x00007ffdf0380000 - 0x00007ffdf0423000 	C:\WINDOWS\System32\msvcp_win.dll
0x00007ffdd4e20000 - 0x00007ffdd4e3e000 	C:\Program Files\Eclipse Adoptium\jdk-17.0.16.8-hotspot\bin\VCRUNTIME140.dll
0x00007ffdd72a0000 - 0x00007ffdd7533000 	C:\WINDOWS\WinSxS\amd64_microsoft.windows.common-controls_6595b64144ccf1df_6.0.26100.8037_none_3e092faae333b53b\COMCTL32.dll
0x00007ffdf2270000 - 0x00007ffdf2319000 	C:\WINDOWS\System32\msvcrt.dll
0x00007ffdf0860000 - 0x00007ffdf0891000 	C:\WINDOWS\System32\IMM32.DLL
0x00007ffde0ba0000 - 0x00007ffde0bac000 	C:\Program Files\Eclipse Adoptium\jdk-17.0.16.8-hotspot\bin\vcruntime140_1.dll
0x00007ffda3330000 - 0x00007ffda33bd000 	C:\Program Files\Eclipse Adoptium\jdk-17.0.16.8-hotspot\bin\msvcp140.dll
0x00007ffd24b90000 - 0x00007ffd257fb000 	C:\Program Files\Eclipse Adoptium\jdk-17.0.16.8-hotspot\bin\server\jvm.dll
0x00007ffdf28d0000 - 0x00007ffdf298b000 	C:\WINDOWS\System32\ADVAPI32.dll
0x00007ffdf1e20000 - 0x00007ffdf1ec7000 	C:\WINDOWS\System32\sechost.dll
0x00007ffdf14c0000 - 0x00007ffdf15d8000 	C:\WINDOWS\System32\RPCRT4.dll
0x00007ffdf0ca0000 - 0x00007ffdf0d14000 	C:\WINDOWS\System32\WS2_32.dll
0x00007ffdef200000 - 0x00007ffdef25e000 	C:\WINDOWS\SYSTEM32\POWRPROF.dll
0x00007ffdb7700000 - 0x00007ffdb7735000 	C:\WINDOWS\SYSTEM32\WINMM.dll
0x00007ffde6aa0000 - 0x00007ffde6aab000 	C:\WINDOWS\SYSTEM32\VERSION.dll
0x00007ffdef1e0000 - 0x00007ffdef1f4000 	C:\WINDOWS\SYSTEM32\UMPDC.dll
0x00007ffdee0f0000 - 0x00007ffdee10b000 	C:\WINDOWS\SYSTEM32\kernel.appcore.dll
0x00007ffde0b40000 - 0x00007ffde0b4a000 	C:\Program Files\Eclipse Adoptium\jdk-17.0.16.8-hotspot\bin\jimage.dll
0x00007ffdecee0000 - 0x00007ffded122000 	C:\WINDOWS\SYSTEM32\DBGHELP.DLL
0x00007ffdf1700000 - 0x00007ffdf1a82000 	C:\WINDOWS\System32\combase.dll
0x00007ffdf1cc0000 - 0x00007ffdf1d97000 	C:\WINDOWS\System32\OLEAUT32.dll
0x00007ffdd79f0000 - 0x00007ffdd7a2b000 	C:\WINDOWS\SYSTEM32\dbgcore.DLL
0x00007ffdf0150000 - 0x00007ffdf01f5000 	C:\WINDOWS\System32\bcryptPrimitives.dll
0x00007ffdca7b0000 - 0x00007ffdca7d5000 	C:\Program Files\Eclipse Adoptium\jdk-17.0.16.8-hotspot\bin\java.dll

dbghelp: loaded successfully - version: 4.0.5 - missing functions: none
symbol engine: initialized successfully - sym options: 0x614 - pdb path: .;C:\Program Files\Eclipse Adoptium\jdk-17.0.16.8-hotspot\bin;C:\WINDOWS\SYSTEM32;C:\WINDOWS\WinSxS\amd64_microsoft.windows.common-controls_6595b64144ccf1df_6.0.26100.8037_none_3e092faae333b53b;C:\Program Files\Eclipse Adoptium\jdk-17.0.16.8-hotspot\bin\server

VM Arguments:
java_command: com.google.prefab.cli.AppKt --build-system cmake --platform android --abi arm64-v8a --os-version 24 --stl c++_shared --ndk-version 27 --output C:\\Users\\dell\\AppData\\Local\\Temp\\agp-prefab-staging3943564806765337586\\staged-cli-output C:\\Users\\dell\\.gradle\\caches\\9.0.0\\transforms\\f97a0c8835e876dfb08e8efd6d33fd2f\\transformed\\react-android-0.83.1-debug\\prefab C:\\Users\\dell\\.gradle\\caches\\9.0.0\\transforms\\29919e313b2d3f97cb0d6a9c4fe8034f\\transformed\\hermes-android-0.14.0-debug\\prefab C:\\Users\\dell\\.gradle\\caches\\9.0.0\\transforms\\b85f62a599074afc3b2ec6cfb7884973\\transformed\\fbjni-0.7.0\\prefab
java_class_path (initial): C:\\Users\\dell\\.gradle\\caches\\modules-2\\files-2.1\\com.google.prefab\\cli\\2.1.0\\aa32fec809c44fa531f01dcfb739b5b3304d3050\\cli-2.1.0-all.jar
Launcher Type: SUN_STANDARD

[Global flags]
     intx CICompilerCount                          = 4                                         {product} {ergonomic}
     uint ConcGCThreads                            = 2                                         {product} {ergonomic}
     uint G1ConcRefinementThreads                  = 8                                         {product} {ergonomic}
   size_t G1HeapRegionSize                         = 1048576                                   {product} {ergonomic}
    uintx GCDrainStackTargetSize                   = 64                                        {product} {ergonomic}
   size_t InitialHeapSize                          = 132120576                                 {product} {ergonomic}
   size_t MarkStackSize                            = 4194304                                   {product} {ergonomic}
   size_t MaxHeapSize                              = 2101346304                                {product} {ergonomic}
   size_t MinHeapDeltaBytes                        = 1048576                                   {product} {ergonomic}
   size_t MinHeapSize                              = 8388608                                   {product} {ergonomic}
    uintx NonNMethodCodeHeapSize                   = 5839372                                {pd product} {ergonomic}
    uintx NonProfiledCodeHeapSize                  = 122909434                              {pd product} {ergonomic}
    uintx ProfiledCodeHeapSize                     = 122909434                              {pd product} {ergonomic}
    uintx ReservedCodeCacheSize                    = 251658240                              {pd product} {ergonomic}
     bool SegmentedCodeCache                       = true                                      {product} {ergonomic}
   size_t SoftMaxHeapSize                          = 2101346304                             {manageable} {ergonomic}
     bool UseCompressedClassPointers               = true                           {product lp64_product} {ergonomic}
     bool UseCompressedOops                        = true                           {product lp64_product} {ergonomic}
     bool UseG1GC                                  = true                                      {product} {ergonomic}
     bool UseLargePagesIndividualAllocation        = false                                  {pd product} {ergonomic}

Logging:
Log output configuration:
 #0: stdout all=warning uptime,level,tags
 #1: stderr all=off uptime,level,tags

Environment Variables:
JAVA_HOME=C:\Program Files\Eclipse Adoptium\jdk-17.0.16.8-hotspot\
PATH=C:\Users\dell\Desktop\SWIPS\samwega-pos-bare\node_modules\.bin;C:\Users\dell\Desktop\SWIPS\samwega-pos-bare\node_modules\.bin;C:\Users\dell\Desktop\SWIPS\node_modules\.bin;C:\Users\dell\Desktop\node_modules\.bin;C:\Users\dell\node_modules\.bin;C:\Users\node_modules\.bin;C:\node_modules\.bin;C:\Users\dell\AppData\Roaming\npm\node_modules\npm\node_modules\@npmcli\run-script\lib\node-gyp-bin;C:\Program Files\Eclipse Adoptium\jdk-17.0.16.8-hotspot\bin;C:\WINDOWS\system32;C:\WINDOWS;C:\WINDOWS\System32\Wbem;C:\WINDOWS\System32\WindowsPowerShell\v1.0\;C:\WINDOWS\System32\OpenSSH\;C:\Program Files\nodejs\;C:\Program Files\Git\cmd;C:\Program Files\Gammu 1.42.0\bin;C:\Users\dell\.cargo\bin;C:\Users\dell\AppData\Local\Programs\Python\Python313\Scripts\;C:\Users\dell\AppData\Local\Programs\Python\Python313\;C:\Users\dell\AppData\Local\Programs\Python\Launcher\;C:\Users\dell\AppData\Local\Microsoft\WindowsApps;C:\Users\dell\AppData\Roaming\npm;C:\Users\dell\AppData\Local\Programs\Microsoft VS Code\bin;C:\Users\dell\.cargo\bin;C:\Android\sdk\platform-tools;C:\Users\dell\AppData\Local\Programs\Antigravity\bin
USERNAME=dell
OS=Windows_NT
PROCESSOR_IDENTIFIER=Intel64 Family 6 Model 142 Stepping 12, GenuineIntel
TMP=C:\Users\dell\AppData\Local\Temp
TEMP=C:\Users\dell\AppData\Local\Temp



Periodic native trim disabled


---------------  S Y S T E M  ---------------

OS:
 Windows 11 , 64 bit Build 26100 (10.0.26100.7920)
OS uptime: 1 days 8:33 hours
Hyper-V role detected

CPU: total 8 (initial active 8) (4 cores per cpu, 2 threads per core) family 6 model 142 stepping 12 microcode 0xfc, cx8, cmov, fxsr, ht, mmx, 3dnowpref, sse, sse2, sse3, ssse3, sse4.1, sse4.2, popcnt, lzcnt, tsc, tscinvbit, avx, avx2, aes, erms, clmul, bmi1, bmi2, adx, fma, vzeroupper, clflush, clflushopt, hv
Processor Information for processor 0
  Max Mhz: 1800, Current Mhz: 1500, Mhz Limit: 1584
Processor Information for processor 1
  Max Mhz: 1800, Current Mhz: 1500, Mhz Limit: 1584
Processor Information for processor 2
  Max Mhz: 1800, Current Mhz: 1600, Mhz Limit: 1584
Processor Information for processor 3
  Max Mhz: 1800, Current Mhz: 1500, Mhz Limit: 1584
Processor Information for processor 4
  Max Mhz: 1800, Current Mhz: 1500, Mhz Limit: 1584
Processor Information for processor 5
  Max Mhz: 1800, Current Mhz: 1600, Mhz Limit: 1584
Processor Information for processor 6
  Max Mhz: 1800, Current Mhz: 1500, Mhz Limit: 1584
Processor Information for processor 7
  Max Mhz: 1800, Current Mhz: 1600, Mhz Limit: 1584

Memory: 4k page, system-wide physical 8012M (640M free)
TotalPageFile size 21206M (AvailPageFile size 89M)
current process WorkingSet (physical memory assigned to process): 12M, peak: 12M
current process commit charge ("private bytes"): 60M, peak: 186M

vm_info: OpenJDK 64-Bit Server VM (17.0.16+8) for windows-amd64 JRE (17.0.16+8), built on Jul 16 2025 10:37:56 by "admin" with MS VC++ 17.7 (VS2022)

END.
